2026-05-26 22:07:07  INFO      sigomei.server — Iniciando servidor SIGOMEI…
2026-05-26 22:07:07  INFO      sigomei.server — Archivo de bitácora: D:\sigomei\logs\sigomei_20260526_220707.log
2026-05-26 22:07:07  INFO      sigomei.server — Controlador registrado → PYRO:sigomei.controller@localhost:9090
2026-05-26 22:07:07  INFO      sigomei.server — Esperando peticiones en localhost:9090 …
2026-05-26 22:07:08  INFO      sigomei.server — Solicitud remota recibida: login | Parámetros: ('supervisor@sigomei.mx', 'Test1234')
2026-05-26 22:07:08  INFO      sigomei.server — Operación exitosa: login | Respuesta: 7b26d6ec-f319-4e88-bb91-ca2334d9bfa8
2026-05-26 22:07:08  INFO      sigomei.server — Solicitud remota recibida: alta_equipo | Parámetros: 
2026-05-26 22:07:08  INFO      sigomei.server — Operación exitosa: alta_equipo | Respuesta: True
2026-05-26 22:07:08  INFO      sigomei.server — Solicitud remota recibida: alta_tecnico | Parámetros: 
2026-05-26 22:07:08  INFO      sigomei.server — Operación exitosa: alta_tecnico | Respuesta: True
2026-05-26 22:07:08  INFO      sigomei.server — Solicitud remota recibida: crear_orden | Parámetros: 
2026-05-26 22:07:08  INFO      sigomei.server — Operación exitosa: crear_orden | Respuesta: True
2026-05-26 22:07:08  INFO      sigomei.server — Solicitud remota recibida: asignar_tecnico | Parámetros: ('ORD-001', 'TEC-002')
2026-05-26 22:07:09  INFO      sigomei.server — Operación exitosa: asignar_tecnico | Respuesta: True
2026-05-26 22:07:09  INFO      sigomei.server — Solicitud remota recibida: crear_orden | Parámetros: 
2026-05-26 22:07:09  INFO      sigomei.server — Operación exitosa: crear_orden | Respuesta: True
2026-05-26 22:07:09  INFO      sigomei.server — Solicitud remota recibida: asignar_tecnico | Parámetros: ('ORD-002', 'TEC-002')
2026-05-26 22:07:09  INFO      sigomei.server — Operación exitosa: asignar_tecnico | Respuesta: True
2026-05-26 22:07:09  INFO      sigomei.server — Solicitud remota recibida: crear_orden | Parámetros: 
2026-05-26 22:07:09  INFO      sigomei.server — Operación exitosa: crear_orden | Respuesta: True
2026-05-26 22:07:09  INFO      sigomei.server — Solicitud remota recibida: asignar_tecnico | Parámetros: ('ORD-003', 'TEC-002')
2026-05-26 22:07:09  INFO      sigomei.server — Operación exitosa: asignar_tecnico | Respuesta: True
2026-05-26 22:07:09  INFO      sigomei.server — Solicitud remota recibida: crear_orden | Parámetros: 
2026-05-26 22:07:10  INFO      sigomei.server — Operación exitosa: crear_orden | Respuesta: True
2026-05-26 22:07:10  INFO      sigomei.server — Solicitud remota recibida: asignar_tecnico | Parámetros: ('ORD-004', 'TEC-002')
2026-05-26 22:07:10  INFO      sigomei.server — Operación exitosa: asignar_tecnico | Respuesta: True
2026-05-26 22:07:10  INFO      sigomei.server — Solicitud remota recibida: iniciar_ejecucion | Parámetros: ('ORD-001', '2026-06-11')
2026-05-26 22:07:10  ERROR     sigomei.server — Error crítico interno en iniciar_ejecucion: CheckViolation — el nuevo registro para la relación «ordenes_mantenimiento» viola la restricción «check» «ordenes_mantenimiento_estado_orden_check»
DETAIL:  La fila que falla contiene (ORD-001, EQ-001, TEC-002, Preventivo, 2026-06-11, null, null, Revisión 1, 1000.00, null, En ejecucion).
Traceback (most recent call last):
  File "D:\sigomei\server\controller\isigomei_controller.py", line 25, in wrapper
    resultado = fn(*args, **kwargs)
  File "D:\sigomei\server\controller\isigomei_controller.py", line 136, in iniciar_ejecucion
    return self._orden_svc.iniciar_ejecucion(id_orden, fecha_inicio)
           ~~~~~~~~~~~~~~~~~~~~~~~~~~~~~~~~~^^^^^^^^^^^^^^^^^^^^^^^^
  File "D:\sigomei\server\service\orden_service.py", line 152, in iniciar_ejecucion
    self._dao.actualizar_estado(id_orden, "En ejecucion")
    ~~~~~~~~~~~~~~~~~~~~~~~~~~~^^^^^^^^^^^^^^^^^^^^^^^^^^
  File "D:\sigomei\server\dao\orden_dao.py", line 43, in actualizar_estado
    cur.execute(sql, (nuevo_estado, id_orden))
    ~~~~~~~~~~~^^^^^^^^^^^^^^^^^^^^^^^^^^^^^^^
  File "D:\sigomei\venv\Lib\site-packages\psycopg2\extras.py", line 236, in execute
    return super().execute(query, vars)
           ~~~~~~~~~~~~~~~^^^^^^^^^^^^^
psycopg2.errors.CheckViolation: el nuevo registro para la relación «ordenes_mantenimiento» viola la restricción «check» «ordenes_mantenimiento_estado_orden_check»
DETAIL:  La fila que falla contiene (ORD-001, EQ-001, TEC-002, Preventivo, 2026-06-11, null, null, Revisión 1, 1000.00, null, En ejecucion).

2026-05-26 22:07:20  INFO      sigomei.server — Daemon cerrado. Hasta luego.
