2026-05-26 22:07:54  INFO      sigomei.server — Iniciando servidor SIGOMEI…
2026-05-26 22:07:54  INFO      sigomei.server — Archivo de bitácora: D:\sigomei\logs\sigomei_20260526_220754.log
2026-05-26 22:07:54  INFO      sigomei.server — Controlador registrado → PYRO:sigomei.controller@localhost:9090
2026-05-26 22:07:54  INFO      sigomei.server — Esperando peticiones en localhost:9090 …
2026-05-26 22:07:55  INFO      sigomei.server — Solicitud remota recibida: login | Parámetros: ('supervisor@sigomei.mx', 'Test1234')
2026-05-26 22:07:55  INFO      sigomei.server — Operación exitosa: login | Respuesta: 71bdb2d7-4e01-46f7-9fa1-c3bf37201e13
2026-05-26 22:07:55  INFO      sigomei.server — Solicitud remota recibida: alta_equipo | Parámetros: 
2026-05-26 22:07:56  INFO      sigomei.server — Operación exitosa: alta_equipo | Respuesta: True
2026-05-26 22:07:56  INFO      sigomei.server — Solicitud remota recibida: alta_tecnico | Parámetros: 
2026-05-26 22:07:56  INFO      sigomei.server — Operación exitosa: alta_tecnico | Respuesta: True
2026-05-26 22:07:56  INFO      sigomei.server — Solicitud remota recibida: crear_orden | Parámetros: 
2026-05-26 22:07:56  INFO      sigomei.server — Operación exitosa: crear_orden | Respuesta: True
2026-05-26 22:07:56  INFO      sigomei.server — Solicitud remota recibida: asignar_tecnico | Parámetros: ('ORD-001', 'TEC-002')
2026-05-26 22:07:56  INFO      sigomei.server — Operación exitosa: asignar_tecnico | Respuesta: True
2026-05-26 22:07:56  INFO      sigomei.server — Solicitud remota recibida: crear_orden | Parámetros: 
2026-05-26 22:07:56  INFO      sigomei.server — Operación exitosa: crear_orden | Respuesta: True
2026-05-26 22:07:56  INFO      sigomei.server — Solicitud remota recibida: asignar_tecnico | Parámetros: ('ORD-002', 'TEC-002')
2026-05-26 22:07:57  INFO      sigomei.server — Operación exitosa: asignar_tecnico | Respuesta: True
2026-05-26 22:07:57  INFO      sigomei.server — Solicitud remota recibida: crear_orden | Parámetros: 
2026-05-26 22:07:57  INFO      sigomei.server — Operación exitosa: crear_orden | Respuesta: True
2026-05-26 22:07:57  INFO      sigomei.server — Solicitud remota recibida: asignar_tecnico | Parámetros: ('ORD-003', 'TEC-002')
2026-05-26 22:07:57  INFO      sigomei.server — Operación exitosa: asignar_tecnico | Respuesta: True
2026-05-26 22:07:57  INFO      sigomei.server — Solicitud remota recibida: crear_orden | Parámetros: 
2026-05-26 22:07:57  INFO      sigomei.server — Operación exitosa: crear_orden | Respuesta: True
2026-05-26 22:07:57  INFO      sigomei.server — Solicitud remota recibida: asignar_tecnico | Parámetros: ('ORD-004', 'TEC-002')
2026-05-26 22:07:58  INFO      sigomei.server — Operación exitosa: asignar_tecnico | Respuesta: True
2026-05-26 22:07:58  INFO      sigomei.server — Solicitud remota recibida: iniciar_ejecucion | Parámetros: ('ORD-001', '2026-06-11')
2026-05-26 22:07:58  ERROR     sigomei.server — Error crítico interno en iniciar_ejecucion: CheckViolation — el nuevo registro para la relación «ordenes_mantenimiento» viola la restricción «check» «ordenes_mantenimiento_estado_orden_check»
DETAIL:  La fila que falla contiene (ORD-001, EQ-001, TEC-002, Preventivo, 2026-06-11, null, null, Revisión 1, 1000.00, null, En ejecucion).
Traceback (most recent call last):
  File "D:\sigomei\server\controller\isigomei_controller.py", line 25, in wrapper
    resultado = fn(*args, **kwargs)
  File "D:\sigomei\server\controller\isigomei_controller.py", line 136, in iniciar_ejecucion
    return self._orden_svc.iniciar_ejecucion(id_orden, fecha_inicio)
           ~~~~~~~~~~~~~~~~~~~~~~~~~~~~~~~~~^^^^^^^^^^^^^^^^^^^^^^^^
  File "D:\sigomei\server\service\orden_service.py", line 152, in iniciar_ejecucion
    self._dao.actualizar_estado(id_orden, "En ejecucion")
    ~~~~~~~~~~~~~~~~~~~~~~~~~~~^^^^^^^^^^^^^^^^^^^^^^^^^^
  File "D:\sigomei\server\dao\orden_dao.py", line 43, in actualizar_estado
    cur.execute(sql, (nuevo_estado, id_orden))
    ~~~~~~~~~~~^^^^^^^^^^^^^^^^^^^^^^^^^^^^^^^
  File "D:\sigomei\venv\Lib\site-packages\psycopg2\extras.py", line 236, in execute
    return super().execute(query, vars)
           ~~~~~~~~~~~~~~~^^^^^^^^^^^^^
psycopg2.errors.CheckViolation: el nuevo registro para la relación «ordenes_mantenimiento» viola la restricción «check» «ordenes_mantenimiento_estado_orden_check»
DETAIL:  La fila que falla contiene (ORD-001, EQ-001, TEC-002, Preventivo, 2026-06-11, null, null, Revisión 1, 1000.00, null, En ejecucion).

2026-05-26 22:07:58  INFO      sigomei.server — Solicitud remota recibida: alta_equipo | Parámetros: 
2026-05-26 22:07:58  INFO      sigomei.server — Operación exitosa: alta_equipo | Respuesta: True
2026-05-26 22:07:58  INFO      sigomei.server — Solicitud remota recibida: alta_tecnico | Parámetros: 
2026-05-26 22:07:58  INFO      sigomei.server — Operación exitosa: alta_tecnico | Respuesta: True
2026-05-26 22:07:58  INFO      sigomei.server — Solicitud remota recibida: crear_orden | Parámetros: 
2026-05-26 22:07:58  INFO      sigomei.server — Operación exitosa: crear_orden | Respuesta: True
2026-05-26 22:07:58  INFO      sigomei.server — Solicitud remota recibida: asignar_tecnico | Parámetros: ('ORD-001', 'TEC-002')
2026-05-26 22:07:59  INFO      sigomei.server — Operación exitosa: asignar_tecnico | Respuesta: True
2026-05-26 22:07:59  INFO      sigomei.server — Solicitud remota recibida: consultar_orden | Parámetros: ('ORD-001',)
2026-05-26 22:07:59  INFO      sigomei.server — Operación exitosa: consultar_orden | Respuesta: {'id_orden': 'ORD-001', 'id_equipo': 'EQ-001', 'id_tecnico': 'TEC-002', 'tipo_mantenimiento': 'Preventivo', 'fecha_programada': datetime.date(2026, 6, 10), 'fecha_inicio': None, 'fecha_cierre': None, 'descripcion_trabajo': 'Revisión de sellos', 'costo_estimado': Decimal('1500.00'), 'costo_real': None, 'estado_orden': 'Programada'}
2026-05-26 22:07:59  INFO      sigomei.server — Solicitud remota recibida: alta_equipo | Parámetros: 
2026-05-26 22:07:59  INFO      sigomei.server — Operación exitosa: alta_equipo | Respuesta: True
2026-05-26 22:07:59  INFO      sigomei.server — Solicitud remota recibida: alta_tecnico | Parámetros: 
2026-05-26 22:07:59  INFO      sigomei.server — Operación exitosa: alta_tecnico | Respuesta: True
2026-05-26 22:07:59  INFO      sigomei.server — Solicitud remota recibida: crear_orden | Parámetros: 
2026-05-26 22:07:59  INFO      sigomei.server — Operación exitosa: crear_orden | Respuesta: True
2026-05-26 22:07:59  INFO      sigomei.server — Solicitud remota recibida: asignar_tecnico | Parámetros: ('ORD-001', 'TEC-002')
2026-05-26 22:07:59  WARNING   sigomei.server — Validación de Regla denegada en asignar_tecnico: ReglaNegocioError — RN-01: La especialidad del técnico ('Mecanico') no coincide con el tipo del equipo ('Electrico').
2026-05-26 22:07:59  INFO      sigomei.server — Solicitud remota recibida: alta_equipo | Parámetros: 
2026-05-26 22:08:00  INFO      sigomei.server — Operación exitosa: alta_equipo | Respuesta: True
2026-05-26 22:08:00  INFO      sigomei.server — Solicitud remota recibida: alta_tecnico | Parámetros: 
2026-05-26 22:08:00  INFO      sigomei.server — Operación exitosa: alta_tecnico | Respuesta: True
2026-05-26 22:08:00  INFO      sigomei.server — Solicitud remota recibida: crear_orden | Parámetros: 
2026-05-26 22:08:00  INFO      sigomei.server — Operación exitosa: crear_orden | Respuesta: True
2026-05-26 22:08:00  INFO      sigomei.server — Solicitud remota recibida: asignar_tecnico | Parámetros: ('ORD-001', 'TEC-001')
2026-05-26 22:08:00  WARNING   sigomei.server — Validación de Regla denegada en asignar_tecnico: ReglaNegocioError — RN-07: El equipo 'EQ-003' es de criticidad Alta. Se requiere nivel ≥ II; el técnico tiene nivel 'I'.
2026-05-26 22:08:00  INFO      sigomei.server — Solicitud remota recibida: alta_equipo | Parámetros: 
2026-05-26 22:08:00  INFO      sigomei.server — Operación exitosa: alta_equipo | Respuesta: True
2026-05-26 22:08:00  INFO      sigomei.server — Solicitud remota recibida: crear_orden | Parámetros: 
2026-05-26 22:08:00  INFO      sigomei.server — Operación exitosa: crear_orden | Respuesta: True
2026-05-26 22:08:00  INFO      sigomei.server — Solicitud remota recibida: crear_orden | Parámetros: 
2026-05-26 22:08:01  WARNING   sigomei.server — Rechazado en crear_orden: EntidadDuplicadaError — RN-02: El equipo 'EQ-001' ya tiene una orden activa para la fecha 2026-06-10 (id=ORD-001, estado=Programada).
2026-05-26 22:08:01  INFO      sigomei.server — Solicitud remota recibida: alta_equipo | Parámetros: 
2026-05-26 22:08:01  INFO      sigomei.server — Operación exitosa: alta_equipo | Respuesta: True
2026-05-26 22:08:01  INFO      sigomei.server — Solicitud remota recibida: alta_tecnico | Parámetros: 
2026-05-26 22:08:01  INFO      sigomei.server — Operación exitosa: alta_tecnico | Respuesta: True
2026-05-26 22:08:01  INFO      sigomei.server — Solicitud remota recibida: crear_orden | Parámetros: 
2026-05-26 22:08:01  INFO      sigomei.server — Operación exitosa: crear_orden | Respuesta: True
2026-05-26 22:08:01  INFO      sigomei.server — Solicitud remota recibida: asignar_tecnico | Parámetros: ('ORD-001', 'TEC-002')
2026-05-26 22:08:01  INFO      sigomei.server — Operación exitosa: asignar_tecnico | Respuesta: True
2026-05-26 22:08:01  INFO      sigomei.server — Solicitud remota recibida: iniciar_ejecucion | Parámetros: ('ORD-001', '2026-06-10')
2026-05-26 22:08:01  ERROR     sigomei.server — Error crítico interno en iniciar_ejecucion: CheckViolation — el nuevo registro para la relación «ordenes_mantenimiento» viola la restricción «check» «ordenes_mantenimiento_estado_orden_check»
DETAIL:  La fila que falla contiene (ORD-001, EQ-001, TEC-002, Preventivo, 2026-06-10, null, null, Revisión de sellos, 1500.00, null, En ejecucion).
Traceback (most recent call last):
  File "D:\sigomei\server\controller\isigomei_controller.py", line 25, in wrapper
    resultado = fn(*args, **kwargs)
  File "D:\sigomei\server\controller\isigomei_controller.py", line 136, in iniciar_ejecucion
    return self._orden_svc.iniciar_ejecucion(id_orden, fecha_inicio)
           ~~~~~~~~~~~~~~~~~~~~~~~~~~~~~~~~~^^^^^^^^^^^^^^^^^^^^^^^^
  File "D:\sigomei\server\service\orden_service.py", line 152, in iniciar_ejecucion
    self._dao.actualizar_estado(id_orden, "En ejecucion")
    ~~~~~~~~~~~~~~~~~~~~~~~~~~~^^^^^^^^^^^^^^^^^^^^^^^^^^
  File "D:\sigomei\server\dao\orden_dao.py", line 43, in actualizar_estado
    cur.execute(sql, (nuevo_estado, id_orden))
    ~~~~~~~~~~~^^^^^^^^^^^^^^^^^^^^^^^^^^^^^^^
  File "D:\sigomei\venv\Lib\site-packages\psycopg2\extras.py", line 236, in execute
    return super().execute(query, vars)
           ~~~~~~~~~~~~~~~^^^^^^^^^^^^^
psycopg2.errors.CheckViolation: el nuevo registro para la relación «ordenes_mantenimiento» viola la restricción «check» «ordenes_mantenimiento_estado_orden_check»
DETAIL:  La fila que falla contiene (ORD-001, EQ-001, TEC-002, Preventivo, 2026-06-10, null, null, Revisión de sellos, 1500.00, null, En ejecucion).

2026-05-26 22:08:02  INFO      sigomei.server — Solicitud remota recibida: alta_equipo | Parámetros: 
2026-05-26 22:08:02  INFO      sigomei.server — Operación exitosa: alta_equipo | Respuesta: True
2026-05-26 22:08:02  INFO      sigomei.server — Solicitud remota recibida: alta_tecnico | Parámetros: 
2026-05-26 22:08:02  INFO      sigomei.server — Operación exitosa: alta_tecnico | Respuesta: True
2026-05-26 22:08:02  INFO      sigomei.server — Solicitud remota recibida: crear_orden | Parámetros: 
2026-05-26 22:08:02  INFO      sigomei.server — Operación exitosa: crear_orden | Respuesta: True
2026-05-26 22:08:02  INFO      sigomei.server — Solicitud remota recibida: asignar_tecnico | Parámetros: ('ORD-002', 'TEC-002')
2026-05-26 22:08:02  INFO      sigomei.server — Operación exitosa: asignar_tecnico | Respuesta: True
2026-05-26 22:08:02  INFO      sigomei.server — Solicitud remota recibida: iniciar_ejecucion | Parámetros: ('ORD-002', '2026-06-11')
2026-05-26 22:08:03  ERROR     sigomei.server — Error crítico interno en iniciar_ejecucion: CheckViolation — el nuevo registro para la relación «ordenes_mantenimiento» viola la restricción «check» «ordenes_mantenimiento_estado_orden_check»
DETAIL:  La fila que falla contiene (ORD-002, EQ-001, TEC-002, Correctivo, 2026-06-11, null, null, Cambio de rodamientos, 900.00, null, En ejecucion).
Traceback (most recent call last):
  File "D:\sigomei\server\controller\isigomei_controller.py", line 25, in wrapper
    resultado = fn(*args, **kwargs)
  File "D:\sigomei\server\controller\isigomei_controller.py", line 136, in iniciar_ejecucion
    return self._orden_svc.iniciar_ejecucion(id_orden, fecha_inicio)
           ~~~~~~~~~~~~~~~~~~~~~~~~~~~~~~~~~^^^^^^^^^^^^^^^^^^^^^^^^
  File "D:\sigomei\server\service\orden_service.py", line 152, in iniciar_ejecucion
    self._dao.actualizar_estado(id_orden, "En ejecucion")
    ~~~~~~~~~~~~~~~~~~~~~~~~~~~^^^^^^^^^^^^^^^^^^^^^^^^^^
  File "D:\sigomei\server\dao\orden_dao.py", line 43, in actualizar_estado
    cur.execute(sql, (nuevo_estado, id_orden))
    ~~~~~~~~~~~^^^^^^^^^^^^^^^^^^^^^^^^^^^^^^^
  File "D:\sigomei\venv\Lib\site-packages\psycopg2\extras.py", line 236, in execute
    return super().execute(query, vars)
           ~~~~~~~~~~~~~~~^^^^^^^^^^^^^
psycopg2.errors.CheckViolation: el nuevo registro para la relación «ordenes_mantenimiento» viola la restricción «check» «ordenes_mantenimiento_estado_orden_check»
DETAIL:  La fila que falla contiene (ORD-002, EQ-001, TEC-002, Correctivo, 2026-06-11, null, null, Cambio de rodamientos, 900.00, null, En ejecucion).

2026-05-26 22:08:03  INFO      sigomei.server — Solicitud remota recibida: alta_equipo | Parámetros: 
2026-05-26 22:08:03  INFO      sigomei.server — Operación exitosa: alta_equipo | Respuesta: True
2026-05-26 22:08:03  INFO      sigomei.server — Solicitud remota recibida: alta_tecnico | Parámetros: 
2026-05-26 22:08:03  INFO      sigomei.server — Operación exitosa: alta_tecnico | Respuesta: True
2026-05-26 22:08:03  INFO      sigomei.server — Solicitud remota recibida: crear_orden | Parámetros: 
2026-05-26 22:08:03  INFO      sigomei.server — Operación exitosa: crear_orden | Respuesta: True
2026-05-26 22:08:03  INFO      sigomei.server — Solicitud remota recibida: asignar_tecnico | Parámetros: ('ORD-003', 'TEC-002')
2026-05-26 22:08:04  INFO      sigomei.server — Operación exitosa: asignar_tecnico | Respuesta: True
2026-05-26 22:08:04  INFO      sigomei.server — Solicitud remota recibida: iniciar_ejecucion | Parámetros: ('ORD-003', '2026-06-12')
2026-05-26 22:08:04  ERROR     sigomei.server — Error crítico interno en iniciar_ejecucion: CheckViolation — el nuevo registro para la relación «ordenes_mantenimiento» viola la restricción «check» «ordenes_mantenimiento_estado_orden_check»
DETAIL:  La fila que falla contiene (ORD-003, EQ-001, TEC-002, Preventivo, 2026-06-12, null, null, Revisión de válvulas, 1500.00, null, En ejecucion).
Traceback (most recent call last):
  File "D:\sigomei\server\controller\isigomei_controller.py", line 25, in wrapper
    resultado = fn(*args, **kwargs)
  File "D:\sigomei\server\controller\isigomei_controller.py", line 136, in iniciar_ejecucion
    return self._orden_svc.iniciar_ejecucion(id_orden, fecha_inicio)
           ~~~~~~~~~~~~~~~~~~~~~~~~~~~~~~~~~^^^^^^^^^^^^^^^^^^^^^^^^
  File "D:\sigomei\server\service\orden_service.py", line 152, in iniciar_ejecucion
    self._dao.actualizar_estado(id_orden, "En ejecucion")
    ~~~~~~~~~~~~~~~~~~~~~~~~~~~^^^^^^^^^^^^^^^^^^^^^^^^^^
  File "D:\sigomei\server\dao\orden_dao.py", line 43, in actualizar_estado
    cur.execute(sql, (nuevo_estado, id_orden))
    ~~~~~~~~~~~^^^^^^^^^^^^^^^^^^^^^^^^^^^^^^^
  File "D:\sigomei\venv\Lib\site-packages\psycopg2\extras.py", line 236, in execute
    return super().execute(query, vars)
           ~~~~~~~~~~~~~~~^^^^^^^^^^^^^
psycopg2.errors.CheckViolation: el nuevo registro para la relación «ordenes_mantenimiento» viola la restricción «check» «ordenes_mantenimiento_estado_orden_check»
DETAIL:  La fila que falla contiene (ORD-003, EQ-001, TEC-002, Preventivo, 2026-06-12, null, null, Revisión de válvulas, 1500.00, null, En ejecucion).

2026-05-26 22:08:04  INFO      sigomei.server — Solicitud remota recibida: alta_equipo | Parámetros: 
2026-05-26 22:08:04  INFO      sigomei.server — Operación exitosa: alta_equipo | Respuesta: True
2026-05-26 22:08:04  INFO      sigomei.server — Solicitud remota recibida: alta_tecnico | Parámetros: 
2026-05-26 22:08:04  INFO      sigomei.server — Operación exitosa: alta_tecnico | Respuesta: True
2026-05-26 22:08:04  INFO      sigomei.server — Solicitud remota recibida: crear_orden | Parámetros: 
2026-05-26 22:08:04  INFO      sigomei.server — Operación exitosa: crear_orden | Respuesta: True
2026-05-26 22:08:04  INFO      sigomei.server — Solicitud remota recibida: asignar_tecnico | Parámetros: ('ORD-004', 'TEC-002')
2026-05-26 22:08:05  INFO      sigomei.server — Operación exitosa: asignar_tecnico | Respuesta: True
2026-05-26 22:08:05  INFO      sigomei.server — Solicitud remota recibida: iniciar_ejecucion | Parámetros: ('ORD-004', '2026-06-13')
2026-05-26 22:08:05  ERROR     sigomei.server — Error crítico interno en iniciar_ejecucion: CheckViolation — el nuevo registro para la relación «ordenes_mantenimiento» viola la restricción «check» «ordenes_mantenimiento_estado_orden_check»
DETAIL:  La fila que falla contiene (ORD-004, EQ-001, TEC-002, Correctivo, 2026-06-13, null, null, Reparación de bomba, 2000.00, null, En ejecucion).
Traceback (most recent call last):
  File "D:\sigomei\server\controller\isigomei_controller.py", line 25, in wrapper
    resultado = fn(*args, **kwargs)
  File "D:\sigomei\server\controller\isigomei_controller.py", line 136, in iniciar_ejecucion
    return self._orden_svc.iniciar_ejecucion(id_orden, fecha_inicio)
           ~~~~~~~~~~~~~~~~~~~~~~~~~~~~~~~~~^^^^^^^^^^^^^^^^^^^^^^^^
  File "D:\sigomei\server\service\orden_service.py", line 152, in iniciar_ejecucion
    self._dao.actualizar_estado(id_orden, "En ejecucion")
    ~~~~~~~~~~~~~~~~~~~~~~~~~~~^^^^^^^^^^^^^^^^^^^^^^^^^^
  File "D:\sigomei\server\dao\orden_dao.py", line 43, in actualizar_estado
    cur.execute(sql, (nuevo_estado, id_orden))
    ~~~~~~~~~~~^^^^^^^^^^^^^^^^^^^^^^^^^^^^^^^
  File "D:\sigomei\venv\Lib\site-packages\psycopg2\extras.py", line 236, in execute
    return super().execute(query, vars)
           ~~~~~~~~~~~~~~~^^^^^^^^^^^^^
psycopg2.errors.CheckViolation: el nuevo registro para la relación «ordenes_mantenimiento» viola la restricción «check» «ordenes_mantenimiento_estado_orden_check»
DETAIL:  La fila que falla contiene (ORD-004, EQ-001, TEC-002, Correctivo, 2026-06-13, null, null, Reparación de bomba, 2000.00, null, En ejecucion).

2026-05-26 22:08:05  INFO      sigomei.server — Solicitud remota recibida: alta_equipo | Parámetros: 
2026-05-26 22:08:05  INFO      sigomei.server — Operación exitosa: alta_equipo | Respuesta: True
2026-05-26 22:08:05  INFO      sigomei.server — Solicitud remota recibida: crear_orden | Parámetros: 
2026-05-26 22:08:05  INFO      sigomei.server — Operación exitosa: crear_orden | Respuesta: True
2026-05-26 22:08:05  INFO      sigomei.server — Solicitud remota recibida: cancelar_orden | Parámetros: ('ORD-005',)
2026-05-26 22:08:05  INFO      sigomei.server — Operación exitosa: cancelar_orden | Respuesta: True
2026-05-26 22:08:05  INFO      sigomei.server — Solicitud remota recibida: consultar_orden | Parámetros: ('ORD-005',)
2026-05-26 22:08:05  INFO      sigomei.server — Operación exitosa: consultar_orden | Respuesta: {'id_orden': 'ORD-005', 'id_equipo': 'EQ-001', 'id_tecnico': None, 'tipo_mantenimiento': 'Preventivo', 'fecha_programada': datetime.date(2026, 6, 15), 'fecha_inicio': None, 'fecha_cierre': None, 'descripcion_trabajo': 'Revisión preventiva', 'costo_estimado': Decimal('1000.00'), 'costo_real': None, 'estado_orden': 'Cancelada'}
2026-05-26 22:08:05  INFO      sigomei.server — Solicitud remota recibida: alta_equipo | Parámetros: 
2026-05-26 22:08:06  INFO      sigomei.server — Operación exitosa: alta_equipo | Respuesta: True
2026-05-26 22:08:06  INFO      sigomei.server — Solicitud remota recibida: alta_tecnico | Parámetros: 
2026-05-26 22:08:06  INFO      sigomei.server — Operación exitosa: alta_tecnico | Respuesta: True
2026-05-26 22:08:06  INFO      sigomei.server — Solicitud remota recibida: crear_orden | Parámetros: 
2026-05-26 22:08:06  INFO      sigomei.server — Operación exitosa: crear_orden | Respuesta: True
2026-05-26 22:08:06  INFO      sigomei.server — Solicitud remota recibida: asignar_tecnico | Parámetros: ('ORD-ACT', 'TEC-003')
2026-05-26 22:08:06  INFO      sigomei.server — Operación exitosa: asignar_tecnico | Respuesta: True
2026-05-26 22:08:06  INFO      sigomei.server — Solicitud remota recibida: iniciar_ejecucion | Parámetros: ('ORD-ACT', '2026-06-10')
2026-05-26 22:08:06  ERROR     sigomei.server — Error crítico interno en iniciar_ejecucion: CheckViolation — el nuevo registro para la relación «ordenes_mantenimiento» viola la restricción «check» «ordenes_mantenimiento_estado_orden_check»
DETAIL:  La fila que falla contiene (ORD-ACT, EQ-002, TEC-003, Correctivo, 2026-06-10, null, null, Falla eléctrica, 1500.00, null, En ejecucion).
Traceback (most recent call last):
  File "D:\sigomei\server\controller\isigomei_controller.py", line 25, in wrapper
    resultado = fn(*args, **kwargs)
  File "D:\sigomei\server\controller\isigomei_controller.py", line 136, in iniciar_ejecucion
    return self._orden_svc.iniciar_ejecucion(id_orden, fecha_inicio)
           ~~~~~~~~~~~~~~~~~~~~~~~~~~~~~~~~~^^^^^^^^^^^^^^^^^^^^^^^^
  File "D:\sigomei\server\service\orden_service.py", line 152, in iniciar_ejecucion
    self._dao.actualizar_estado(id_orden, "En ejecucion")
    ~~~~~~~~~~~~~~~~~~~~~~~~~~~^^^^^^^^^^^^^^^^^^^^^^^^^^
  File "D:\sigomei\server\dao\orden_dao.py", line 43, in actualizar_estado
    cur.execute(sql, (nuevo_estado, id_orden))
    ~~~~~~~~~~~^^^^^^^^^^^^^^^^^^^^^^^^^^^^^^^
  File "D:\sigomei\venv\Lib\site-packages\psycopg2\extras.py", line 236, in execute
    return super().execute(query, vars)
           ~~~~~~~~~~~~~~~^^^^^^^^^^^^^
psycopg2.errors.CheckViolation: el nuevo registro para la relación «ordenes_mantenimiento» viola la restricción «check» «ordenes_mantenimiento_estado_orden_check»
DETAIL:  La fila que falla contiene (ORD-ACT, EQ-002, TEC-003, Correctivo, 2026-06-10, null, null, Falla eléctrica, 1500.00, null, En ejecucion).

2026-05-26 22:08:06  INFO      sigomei.server — Solicitud remota recibida: alta_equipo | Parámetros: 
2026-05-26 22:08:07  INFO      sigomei.server — Operación exitosa: alta_equipo | Respuesta: True
2026-05-26 22:08:07  INFO      sigomei.server — Solicitud remota recibida: alta_equipo | Parámetros: 
2026-05-26 22:08:07  INFO      sigomei.server — Operación exitosa: alta_equipo | Respuesta: True
2026-05-26 22:08:07  INFO      sigomei.server — Solicitud remota recibida: alta_tecnico | Parámetros: 
2026-05-26 22:08:07  INFO      sigomei.server — Operación exitosa: alta_tecnico | Respuesta: True
2026-05-26 22:08:07  INFO      sigomei.server — Solicitud remota recibida: alta_tecnico | Parámetros: 
2026-05-26 22:08:07  INFO      sigomei.server — Operación exitosa: alta_tecnico | Respuesta: True
2026-05-26 22:08:07  INFO      sigomei.server — Solicitud remota recibida: crear_orden | Parámetros: 
2026-05-26 22:08:07  INFO      sigomei.server — Operación exitosa: crear_orden | Respuesta: True
2026-05-26 22:08:07  INFO      sigomei.server — Solicitud remota recibida: asignar_tecnico | Parámetros: ('ORD-H01', 'TEC-002')
2026-05-26 22:08:08  INFO      sigomei.server — Operación exitosa: asignar_tecnico | Respuesta: True
2026-05-26 22:08:08  INFO      sigomei.server — Solicitud remota recibida: iniciar_ejecucion | Parámetros: ('ORD-H01', '2026-01-01')
2026-05-26 22:08:08  ERROR     sigomei.server — Error crítico interno en iniciar_ejecucion: CheckViolation — el nuevo registro para la relación «ordenes_mantenimiento» viola la restricción «check» «ordenes_mantenimiento_estado_orden_check»
DETAIL:  La fila que falla contiene (ORD-H01, EQ-001, TEC-002, Preventivo, 2026-01-01, null, null, Histórico, 500.00, null, En ejecucion).
Traceback (most recent call last):
  File "D:\sigomei\server\controller\isigomei_controller.py", line 25, in wrapper
    resultado = fn(*args, **kwargs)
  File "D:\sigomei\server\controller\isigomei_controller.py", line 136, in iniciar_ejecucion
    return self._orden_svc.iniciar_ejecucion(id_orden, fecha_inicio)
           ~~~~~~~~~~~~~~~~~~~~~~~~~~~~~~~~~^^^^^^^^^^^^^^^^^^^^^^^^
  File "D:\sigomei\server\service\orden_service.py", line 152, in iniciar_ejecucion
    self._dao.actualizar_estado(id_orden, "En ejecucion")
    ~~~~~~~~~~~~~~~~~~~~~~~~~~~^^^^^^^^^^^^^^^^^^^^^^^^^^
  File "D:\sigomei\server\dao\orden_dao.py", line 43, in actualizar_estado
    cur.execute(sql, (nuevo_estado, id_orden))
    ~~~~~~~~~~~^^^^^^^^^^^^^^^^^^^^^^^^^^^^^^^
  File "D:\sigomei\venv\Lib\site-packages\psycopg2\extras.py", line 236, in execute
    return super().execute(query, vars)
           ~~~~~~~~~~~~~~~^^^^^^^^^^^^^
psycopg2.errors.CheckViolation: el nuevo registro para la relación «ordenes_mantenimiento» viola la restricción «check» «ordenes_mantenimiento_estado_orden_check»
DETAIL:  La fila que falla contiene (ORD-H01, EQ-001, TEC-002, Preventivo, 2026-01-01, null, null, Histórico, 500.00, null, En ejecucion).

2026-05-26 22:08:08  INFO      sigomei.server — Solicitud remota recibida: alta_equipo | Parámetros: 
2026-05-26 22:08:08  INFO      sigomei.server — Operación exitosa: alta_equipo | Respuesta: True
2026-05-26 22:08:08  INFO      sigomei.server — Solicitud remota recibida: crear_orden | Parámetros: 
2026-05-26 22:08:08  WARNING   sigomei.server — Validación de Regla denegada en crear_orden: ReglaNegocioError — 
2026-05-26 22:08:08  INFO      sigomei.server — Solicitud remota recibida: alta_equipo | Parámetros: 
2026-05-26 22:08:08  INFO      sigomei.server — Operación exitosa: alta_equipo | Respuesta: True
2026-05-26 22:08:08  INFO      sigomei.server — Solicitud remota recibida: alta_tecnico | Parámetros: 
2026-05-26 22:08:09  INFO      sigomei.server — Operación exitosa: alta_tecnico | Respuesta: True
2026-05-26 22:08:09  INFO      sigomei.server — Solicitud remota recibida: crear_orden | Parámetros: 
2026-05-26 22:08:09  INFO      sigomei.server — Operación exitosa: crear_orden | Respuesta: True
2026-05-26 22:08:09  INFO      sigomei.server — Solicitud remota recibida: asignar_tecnico | Parámetros: ('ORD-006', 'TEC-002')
2026-05-26 22:08:09  INFO      sigomei.server — Operación exitosa: asignar_tecnico | Respuesta: True
2026-05-26 22:08:09  INFO      sigomei.server — Solicitud remota recibida: iniciar_ejecucion | Parámetros: ('ORD-006', '2026-05-10')
2026-05-26 22:08:09  ERROR     sigomei.server — Error crítico interno en iniciar_ejecucion: CheckViolation — el nuevo registro para la relación «ordenes_mantenimiento» viola la restricción «check» «ordenes_mantenimiento_estado_orden_check»
DETAIL:  La fila que falla contiene (ORD-006, EQ-001, TEC-002, Preventivo, 2026-05-10, null, null, Revisión de sellos, 800.00, null, En ejecucion).
Traceback (most recent call last):
  File "D:\sigomei\server\controller\isigomei_controller.py", line 25, in wrapper
    resultado = fn(*args, **kwargs)
  File "D:\sigomei\server\controller\isigomei_controller.py", line 136, in iniciar_ejecucion
    return self._orden_svc.iniciar_ejecucion(id_orden, fecha_inicio)
           ~~~~~~~~~~~~~~~~~~~~~~~~~~~~~~~~~^^^^^^^^^^^^^^^^^^^^^^^^
  File "D:\sigomei\server\service\orden_service.py", line 152, in iniciar_ejecucion
    self._dao.actualizar_estado(id_orden, "En ejecucion")
    ~~~~~~~~~~~~~~~~~~~~~~~~~~~^^^^^^^^^^^^^^^^^^^^^^^^^^
  File "D:\sigomei\server\dao\orden_dao.py", line 43, in actualizar_estado
    cur.execute(sql, (nuevo_estado, id_orden))
    ~~~~~~~~~~~^^^^^^^^^^^^^^^^^^^^^^^^^^^^^^^
  File "D:\sigomei\venv\Lib\site-packages\psycopg2\extras.py", line 236, in execute
    return super().execute(query, vars)
           ~~~~~~~~~~~~~~~^^^^^^^^^^^^^
psycopg2.errors.CheckViolation: el nuevo registro para la relación «ordenes_mantenimiento» viola la restricción «check» «ordenes_mantenimiento_estado_orden_check»
DETAIL:  La fila que falla contiene (ORD-006, EQ-001, TEC-002, Preventivo, 2026-05-10, null, null, Revisión de sellos, 800.00, null, En ejecucion).

2026-05-26 22:08:09  INFO      sigomei.server — Solicitud remota recibida: alta_equipo | Parámetros: 
2026-05-26 22:08:09  INFO      sigomei.server — Operación exitosa: alta_equipo | Respuesta: True
2026-05-26 22:08:09  INFO      sigomei.server — Solicitud remota recibida: alta_tecnico | Parámetros: 
2026-05-26 22:08:09  INFO      sigomei.server — Operación exitosa: alta_tecnico | Respuesta: True
2026-05-26 22:08:09  INFO      sigomei.server — Solicitud remota recibida: alta_tecnico | Parámetros: 
2026-05-26 22:08:10  INFO      sigomei.server — Operación exitosa: alta_tecnico | Respuesta: True
2026-05-26 22:08:10  INFO      sigomei.server — Solicitud remota recibida: crear_orden | Parámetros: 
2026-05-26 22:08:10  INFO      sigomei.server — Operación exitosa: crear_orden | Respuesta: True
2026-05-26 22:08:10  INFO      sigomei.server — Solicitud remota recibida: asignar_tecnico | Parámetros: ('ORD-007', 'TEC-002')
2026-05-26 22:08:10  INFO      sigomei.server — Operación exitosa: asignar_tecnico | Respuesta: True
2026-05-26 22:08:10  INFO      sigomei.server — Solicitud remota recibida: asignar_tecnico | Parámetros: ('ORD-007', 'TEC-PED')
2026-05-26 22:08:10  INFO      sigomei.server — Operación exitosa: asignar_tecnico | Respuesta: True
2026-05-26 22:08:10  INFO      sigomei.server — Solicitud remota recibida: consultar_orden | Parámetros: ('ORD-007',)
2026-05-26 22:08:10  INFO      sigomei.server — Operación exitosa: consultar_orden | Respuesta: {'id_orden': 'ORD-007', 'id_equipo': 'EQ-001', 'id_tecnico': 'TEC-PED', 'tipo_mantenimiento': 'Preventivo', 'fecha_programada': datetime.date(2026, 6, 25), 'fecha_inicio': None, 'fecha_cierre': None, 'descripcion_trabajo': 'Mantenimiento mensual', 'costo_estimado': Decimal('1300.00'), 'costo_real': None, 'estado_orden': 'Programada'}
2026-05-26 22:08:10  INFO      sigomei.server — Solicitud remota recibida: alta_equipo | Parámetros: 
2026-05-26 22:08:11  INFO      sigomei.server — Operación exitosa: alta_equipo | Respuesta: True
2026-05-26 22:08:11  INFO      sigomei.server — Solicitud remota recibida: alta_equipo | Parámetros: 
2026-05-26 22:08:11  WARNING   sigomei.server — Rechazado en alta_equipo: EntidadDuplicadaError — Ya existe un equipo con número de serie 'NS-001'
2026-05-26 22:08:11  INFO      sigomei.server — Solicitud remota recibida: alta_tecnico | Parámetros: 
2026-05-26 22:08:11  INFO      sigomei.server — Operación exitosa: alta_tecnico | Respuesta: True
2026-05-26 22:08:11  INFO      sigomei.server — Solicitud remota recibida: consultar_tecnico | Parámetros: ('TEC-001',)
2026-05-26 22:08:11  INFO      sigomei.server — Operación exitosa: consultar_tecnico | Respuesta: {'id_tecnico': 'TEC-001', 'nombre_completo': 'Luis Omar Mendoza', 'rfc': 'LOMA900101ABC', 'telefono': '9211234567', 'correo': 'luis@sigomei.mx', 'especialidad': 'Electrico', 'nivel_certificacion': 'II', 'fecha_ingreso': datetime.date(2026, 1, 1), 'estatus': 'Activo'}
2026-05-26 22:08:11  INFO      sigomei.server — Solicitud remota recibida: alta_tecnico | Parámetros: 
2026-05-26 22:08:11  INFO      sigomei.server — Operación exitosa: alta_tecnico | Respuesta: True
2026-05-26 22:08:11  INFO      sigomei.server — Solicitud remota recibida: baja_tecnico | Parámetros: ('TEC-002',)
2026-05-26 22:08:12  INFO      sigomei.server — Operación exitosa: baja_tecnico | Respuesta: True
2026-05-26 22:08:12  INFO      sigomei.server — Solicitud remota recibida: consultar_tecnico | Parámetros: ('TEC-002',)
2026-05-26 22:08:12  INFO      sigomei.server — Operación exitosa: consultar_tecnico | Respuesta: {'id_tecnico': 'TEC-002', 'nombre_completo': 'José Ramírez', 'rfc': 'RAJM800101XYZ', 'telefono': '9219876543', 'correo': 'jose@sigomei.mx', 'especialidad': 'Mecanico', 'nivel_certificacion': 'I', 'fecha_ingreso': datetime.date(2024, 1, 1), 'estatus': 'Inactivo'}
2026-05-26 22:08:12  INFO      sigomei.server — Solicitud remota recibida: alta_equipo | Parámetros: 
2026-05-26 22:08:12  INFO      sigomei.server — Operación exitosa: alta_equipo | Respuesta: True
2026-05-26 22:08:12  INFO      sigomei.server — Solicitud remota recibida: alta_tecnico | Parámetros: 
2026-05-26 22:08:12  INFO      sigomei.server — Operación exitosa: alta_tecnico | Respuesta: True
2026-05-26 22:08:12  INFO      sigomei.server — Solicitud remota recibida: crear_orden | Parámetros: 
2026-05-26 22:08:12  INFO      sigomei.server — Operación exitosa: crear_orden | Respuesta: True
2026-05-26 22:08:12  INFO      sigomei.server — Solicitud remota recibida: asignar_tecnico | Parámetros: ('ORD-H01', 'TEC-003')
2026-05-26 22:08:13  INFO      sigomei.server — Operación exitosa: asignar_tecnico | Respuesta: True
2026-05-26 22:08:13  INFO      sigomei.server — Solicitud remota recibida: iniciar_ejecucion | Parámetros: ('ORD-H01', '2026-01-10')
2026-05-26 22:08:13  ERROR     sigomei.server — Error crítico interno en iniciar_ejecucion: CheckViolation — el nuevo registro para la relación «ordenes_mantenimiento» viola la restricción «check» «ordenes_mantenimiento_estado_orden_check»
DETAIL:  La fila que falla contiene (ORD-H01, EQ-001, TEC-003, Preventivo, 2026-01-10, null, null, Revisión histórica, 500.00, null, En ejecucion).
Traceback (most recent call last):
  File "D:\sigomei\server\controller\isigomei_controller.py", line 25, in wrapper
    resultado = fn(*args, **kwargs)
  File "D:\sigomei\server\controller\isigomei_controller.py", line 136, in iniciar_ejecucion
    return self._orden_svc.iniciar_ejecucion(id_orden, fecha_inicio)
           ~~~~~~~~~~~~~~~~~~~~~~~~~~~~~~~~~^^^^^^^^^^^^^^^^^^^^^^^^
  File "D:\sigomei\server\service\orden_service.py", line 152, in iniciar_ejecucion
    self._dao.actualizar_estado(id_orden, "En ejecucion")
    ~~~~~~~~~~~~~~~~~~~~~~~~~~~^^^^^^^^^^^^^^^^^^^^^^^^^^
  File "D:\sigomei\server\dao\orden_dao.py", line 43, in actualizar_estado
    cur.execute(sql, (nuevo_estado, id_orden))
    ~~~~~~~~~~~^^^^^^^^^^^^^^^^^^^^^^^^^^^^^^^
  File "D:\sigomei\venv\Lib\site-packages\psycopg2\extras.py", line 236, in execute
    return super().execute(query, vars)
           ~~~~~~~~~~~~~~~^^^^^^^^^^^^^
psycopg2.errors.CheckViolation: el nuevo registro para la relación «ordenes_mantenimiento» viola la restricción «check» «ordenes_mantenimiento_estado_orden_check»
DETAIL:  La fila que falla contiene (ORD-H01, EQ-001, TEC-003, Preventivo, 2026-01-10, null, null, Revisión histórica, 500.00, null, En ejecucion).

2026-05-26 22:08:13  INFO      sigomei.server — Solicitud remota recibida: alta_equipo | Parámetros: 
2026-05-26 22:08:13  INFO      sigomei.server — Operación exitosa: alta_equipo | Respuesta: True
2026-05-26 22:08:13  INFO      sigomei.server — Solicitud remota recibida: alta_tecnico | Parámetros: 
2026-05-26 22:08:13  INFO      sigomei.server — Operación exitosa: alta_tecnico | Respuesta: True
2026-05-26 22:08:13  INFO      sigomei.server — Solicitud remota recibida: baja_tecnico | Parámetros: ('TEC-004',)
2026-05-26 22:08:13  INFO      sigomei.server — Operación exitosa: baja_tecnico | Respuesta: True
2026-05-26 22:08:13  INFO      sigomei.server — Solicitud remota recibida: crear_orden | Parámetros: 
2026-05-26 22:08:13  INFO      sigomei.server — Operación exitosa: crear_orden | Respuesta: True
2026-05-26 22:08:13  INFO      sigomei.server — Solicitud remota recibida: asignar_tecnico | Parámetros: ('ORD-002', 'TEC-004')
2026-05-26 22:08:14  WARNING   sigomei.server — Validación de Regla denegada en asignar_tecnico: ReglaNegocioError — RN-03: El técnico 'TEC-004' está Inactivo y no puede ser asignado a una orden.
