2026-05-26 22:10:20  INFO      sigomei.server — Iniciando servidor SIGOMEI…
2026-05-26 22:10:20  INFO      sigomei.server — Archivo de bitácora: D:\sigomei\logs\sigomei_20260526_221020.log
2026-05-26 22:10:20  INFO      sigomei.server — Controlador registrado → PYRO:sigomei.controller@localhost:9090
2026-05-26 22:10:20  INFO      sigomei.server — Esperando peticiones en localhost:9090 …
2026-05-26 22:10:21  INFO      sigomei.server — Solicitud remota recibida: login | Parámetros: ('supervisor@sigomei.mx', 'Test1234')
2026-05-26 22:10:21  INFO      sigomei.server — Operación exitosa: login | Respuesta: baf7843e-7eeb-4b66-987e-9473d4a87f65
2026-05-26 22:10:21  INFO      sigomei.server — Solicitud remota recibida: alta_equipo | Parámetros: 
2026-05-26 22:10:22  INFO      sigomei.server — Operación exitosa: alta_equipo | Respuesta: True
2026-05-26 22:10:22  INFO      sigomei.server — Solicitud remota recibida: alta_tecnico | Parámetros: 
2026-05-26 22:10:22  INFO      sigomei.server — Operación exitosa: alta_tecnico | Respuesta: True
2026-05-26 22:10:22  INFO      sigomei.server — Solicitud remota recibida: crear_orden | Parámetros: 
2026-05-26 22:10:22  INFO      sigomei.server — Operación exitosa: crear_orden | Respuesta: True
2026-05-26 22:10:22  INFO      sigomei.server — Solicitud remota recibida: asignar_tecnico | Parámetros: ('ORD-001', 'TEC-002')
2026-05-26 22:10:22  INFO      sigomei.server — Operación exitosa: asignar_tecnico | Respuesta: True
2026-05-26 22:10:22  INFO      sigomei.server — Solicitud remota recibida: crear_orden | Parámetros: 
2026-05-26 22:10:23  INFO      sigomei.server — Operación exitosa: crear_orden | Respuesta: True
2026-05-26 22:10:23  INFO      sigomei.server — Solicitud remota recibida: asignar_tecnico | Parámetros: ('ORD-002', 'TEC-002')
2026-05-26 22:10:23  INFO      sigomei.server — Operación exitosa: asignar_tecnico | Respuesta: True
2026-05-26 22:10:23  INFO      sigomei.server — Solicitud remota recibida: crear_orden | Parámetros: 
2026-05-26 22:10:23  INFO      sigomei.server — Operación exitosa: crear_orden | Respuesta: True
2026-05-26 22:10:23  INFO      sigomei.server — Solicitud remota recibida: asignar_tecnico | Parámetros: ('ORD-003', 'TEC-002')
2026-05-26 22:10:23  INFO      sigomei.server — Operación exitosa: asignar_tecnico | Respuesta: True
2026-05-26 22:10:23  INFO      sigomei.server — Solicitud remota recibida: crear_orden | Parámetros: 
2026-05-26 22:10:24  INFO      sigomei.server — Operación exitosa: crear_orden | Respuesta: True
2026-05-26 22:10:24  INFO      sigomei.server — Solicitud remota recibida: asignar_tecnico | Parámetros: ('ORD-004', 'TEC-002')
2026-05-26 22:10:24  INFO      sigomei.server — Operación exitosa: asignar_tecnico | Respuesta: True
2026-05-26 22:10:24  INFO      sigomei.server — Solicitud remota recibida: iniciar_ejecucion | Parámetros: ('ORD-001', '2026-06-11')
2026-05-26 22:10:24  INFO      sigomei.server — Operación exitosa: iniciar_ejecucion | Respuesta: True
2026-05-26 22:10:24  INFO      sigomei.server — Solicitud remota recibida: iniciar_ejecucion | Parámetros: ('ORD-002', '2026-06-12')
2026-05-26 22:10:24  INFO      sigomei.server — Operación exitosa: iniciar_ejecucion | Respuesta: True
2026-05-26 22:10:24  INFO      sigomei.server — Solicitud remota recibida: listar_ordenes_por_filtro | Parámetros: ({'estado_orden': 'Programada'},)
2026-05-26 22:10:24  INFO      sigomei.server — Operación exitosa: listar_ordenes_por_filtro | Respuesta: [{'id_orden': 'ORD-003', 'id_equipo': 'EQ-001', 'id_tecnico': 'TEC-002', 'tipo_mantenimiento': 'Preventivo', 'fecha_programada': datetime.date(2026, 6, 13), 'fecha_inicio': None, 'fecha_cierre': None, 'descripcion_trabajo': 'Revisión 3', 'costo_estimado': Decimal('1000.00'), 'costo_real': None, 'estado_orden': 'Programada'}, {'id_orden': 'ORD-004', 'id_equipo': 'EQ-001', 'id_tecnico': 'TEC-002', 'tipo_mantenimiento': 'Preventivo', 'fecha_programada': datetime.date(2026, 6, 14), 'fecha_inicio': None, 'fecha_cierre': None, 'descripcion_trabajo': 'Revisión 4', 'costo_estimado': Decimal('1000.00'), 'costo_real': None, 'estado_orden': 'Programada'}]
2026-05-26 22:10:24  INFO      sigomei.server — Solicitud remota recibida: listar_ordenes_por_filtro | Parámetros: ({'estado_orden': 'En ejecucion'},)
2026-05-26 22:10:25  INFO      sigomei.server — Operación exitosa: listar_ordenes_por_filtro | Respuesta: [{'id_orden': 'ORD-001', 'id_equipo': 'EQ-001', 'id_tecnico': 'TEC-002', 'tipo_mantenimiento': 'Preventivo', 'fecha_programada': datetime.date(2026, 6, 11), 'fecha_inicio': datetime.date(2026, 6, 11), 'fecha_cierre': None, 'descripcion_trabajo': 'Revisión 1', 'costo_estimado': Decimal('1000.00'), 'costo_real': None, 'estado_orden': 'En ejecucion'}, {'id_orden': 'ORD-002', 'id_equipo': 'EQ-001', 'id_tecnico': 'TEC-002', 'tipo_mantenimiento': 'Preventivo', 'fecha_programada': datetime.date(2026, 6, 12), 'fecha_inicio': datetime.date(2026, 6, 12), 'fecha_cierre': None, 'descripcion_trabajo': 'Revisión 2', 'costo_estimado': Decimal('1000.00'), 'costo_real': None, 'estado_orden': 'En ejecucion'}]
2026-05-26 22:10:25  INFO      sigomei.server — Solicitud remota recibida: alta_equipo | Parámetros: 
2026-05-26 22:10:25  INFO      sigomei.server — Operación exitosa: alta_equipo | Respuesta: True
2026-05-26 22:10:25  INFO      sigomei.server — Solicitud remota recibida: alta_tecnico | Parámetros: 
2026-05-26 22:10:25  INFO      sigomei.server — Operación exitosa: alta_tecnico | Respuesta: True
2026-05-26 22:10:25  INFO      sigomei.server — Solicitud remota recibida: crear_orden | Parámetros: 
2026-05-26 22:10:25  INFO      sigomei.server — Operación exitosa: crear_orden | Respuesta: True
2026-05-26 22:10:25  INFO      sigomei.server — Solicitud remota recibida: asignar_tecnico | Parámetros: ('ORD-001', 'TEC-002')
2026-05-26 22:10:25  INFO      sigomei.server — Operación exitosa: asignar_tecnico | Respuesta: True
2026-05-26 22:10:25  INFO      sigomei.server — Solicitud remota recibida: consultar_orden | Parámetros: ('ORD-001',)
2026-05-26 22:10:26  INFO      sigomei.server — Operación exitosa: consultar_orden | Respuesta: {'id_orden': 'ORD-001', 'id_equipo': 'EQ-001', 'id_tecnico': 'TEC-002', 'tipo_mantenimiento': 'Preventivo', 'fecha_programada': datetime.date(2026, 6, 10), 'fecha_inicio': None, 'fecha_cierre': None, 'descripcion_trabajo': 'Revisión de sellos', 'costo_estimado': Decimal('1500.00'), 'costo_real': None, 'estado_orden': 'Programada'}
2026-05-26 22:10:26  INFO      sigomei.server — Solicitud remota recibida: alta_equipo | Parámetros: 
2026-05-26 22:10:26  INFO      sigomei.server — Operación exitosa: alta_equipo | Respuesta: True
2026-05-26 22:10:26  INFO      sigomei.server — Solicitud remota recibida: alta_tecnico | Parámetros: 
2026-05-26 22:10:26  INFO      sigomei.server — Operación exitosa: alta_tecnico | Respuesta: True
2026-05-26 22:10:26  INFO      sigomei.server — Solicitud remota recibida: crear_orden | Parámetros: 
2026-05-26 22:10:26  INFO      sigomei.server — Operación exitosa: crear_orden | Respuesta: True
2026-05-26 22:10:26  INFO      sigomei.server — Solicitud remota recibida: asignar_tecnico | Parámetros: ('ORD-001', 'TEC-002')
2026-05-26 22:10:26  WARNING   sigomei.server — Validación de Regla denegada en asignar_tecnico: ReglaNegocioError — RN-01: La especialidad del técnico ('Mecanico') no coincide con el tipo del equipo ('Electrico').
2026-05-26 22:10:26  INFO      sigomei.server — Solicitud remota recibida: alta_equipo | Parámetros: 
2026-05-26 22:10:27  INFO      sigomei.server — Operación exitosa: alta_equipo | Respuesta: True
2026-05-26 22:10:27  INFO      sigomei.server — Solicitud remota recibida: alta_tecnico | Parámetros: 
2026-05-26 22:10:27  INFO      sigomei.server — Operación exitosa: alta_tecnico | Respuesta: True
2026-05-26 22:10:27  INFO      sigomei.server — Solicitud remota recibida: crear_orden | Parámetros: 
2026-05-26 22:10:27  INFO      sigomei.server — Operación exitosa: crear_orden | Respuesta: True
2026-05-26 22:10:27  INFO      sigomei.server — Solicitud remota recibida: asignar_tecnico | Parámetros: ('ORD-001', 'TEC-001')
2026-05-26 22:10:27  WARNING   sigomei.server — Validación de Regla denegada en asignar_tecnico: ReglaNegocioError — RN-07: El equipo 'EQ-003' es de criticidad Alta. Se requiere nivel ≥ II; el técnico tiene nivel 'I'.
2026-05-26 22:10:27  INFO      sigomei.server — Solicitud remota recibida: alta_equipo | Parámetros: 
2026-05-26 22:10:27  INFO      sigomei.server — Operación exitosa: alta_equipo | Respuesta: True
2026-05-26 22:10:27  INFO      sigomei.server — Solicitud remota recibida: crear_orden | Parámetros: 
2026-05-26 22:10:27  INFO      sigomei.server — Operación exitosa: crear_orden | Respuesta: True
2026-05-26 22:10:27  INFO      sigomei.server — Solicitud remota recibida: crear_orden | Parámetros: 
2026-05-26 22:10:27  WARNING   sigomei.server — Rechazado en crear_orden: EntidadDuplicadaError — RN-02: El equipo 'EQ-001' ya tiene una orden activa para la fecha 2026-06-10 (id=ORD-001, estado=Programada).
2026-05-26 22:10:28  INFO      sigomei.server — Solicitud remota recibida: alta_equipo | Parámetros: 
2026-05-26 22:10:28  INFO      sigomei.server — Operación exitosa: alta_equipo | Respuesta: True
2026-05-26 22:10:28  INFO      sigomei.server — Solicitud remota recibida: alta_tecnico | Parámetros: 
2026-05-26 22:10:28  INFO      sigomei.server — Operación exitosa: alta_tecnico | Respuesta: True
2026-05-26 22:10:28  INFO      sigomei.server — Solicitud remota recibida: crear_orden | Parámetros: 
2026-05-26 22:10:28  INFO      sigomei.server — Operación exitosa: crear_orden | Respuesta: True
2026-05-26 22:10:28  INFO      sigomei.server — Solicitud remota recibida: asignar_tecnico | Parámetros: ('ORD-001', 'TEC-002')
2026-05-26 22:10:28  INFO      sigomei.server — Operación exitosa: asignar_tecnico | Respuesta: True
2026-05-26 22:10:28  INFO      sigomei.server — Solicitud remota recibida: iniciar_ejecucion | Parámetros: ('ORD-001', '2026-06-10')
2026-05-26 22:10:28  INFO      sigomei.server — Operación exitosa: iniciar_ejecucion | Respuesta: True
2026-05-26 22:10:28  INFO      sigomei.server — Solicitud remota recibida: consultar_orden | Parámetros: ('ORD-001',)
2026-05-26 22:10:28  INFO      sigomei.server — Operación exitosa: consultar_orden | Respuesta: {'id_orden': 'ORD-001', 'id_equipo': 'EQ-001', 'id_tecnico': 'TEC-002', 'tipo_mantenimiento': 'Preventivo', 'fecha_programada': datetime.date(2026, 6, 10), 'fecha_inicio': datetime.date(2026, 6, 10), 'fecha_cierre': None, 'descripcion_trabajo': 'Revisión de sellos', 'costo_estimado': Decimal('1500.00'), 'costo_real': None, 'estado_orden': 'En ejecucion'}
2026-05-26 22:10:29  INFO      sigomei.server — Solicitud remota recibida: alta_equipo | Parámetros: 
2026-05-26 22:10:29  INFO      sigomei.server — Operación exitosa: alta_equipo | Respuesta: True
2026-05-26 22:10:29  INFO      sigomei.server — Solicitud remota recibida: alta_tecnico | Parámetros: 
2026-05-26 22:10:29  INFO      sigomei.server — Operación exitosa: alta_tecnico | Respuesta: True
2026-05-26 22:10:29  INFO      sigomei.server — Solicitud remota recibida: crear_orden | Parámetros: 
2026-05-26 22:10:30  INFO      sigomei.server — Operación exitosa: crear_orden | Respuesta: True
2026-05-26 22:10:30  INFO      sigomei.server — Solicitud remota recibida: asignar_tecnico | Parámetros: ('ORD-002', 'TEC-002')
2026-05-26 22:10:30  INFO      sigomei.server — Operación exitosa: asignar_tecnico | Respuesta: True
2026-05-26 22:10:30  INFO      sigomei.server — Solicitud remota recibida: iniciar_ejecucion | Parámetros: ('ORD-002', '2026-06-11')
2026-05-26 22:10:30  INFO      sigomei.server — Operación exitosa: iniciar_ejecucion | Respuesta: True
2026-05-26 22:10:30  INFO      sigomei.server — Solicitud remota recibida: consultar_orden | Parámetros: ('ORD-002',)
2026-05-26 22:10:30  INFO      sigomei.server — Operación exitosa: consultar_orden | Respuesta: {'id_orden': 'ORD-002', 'id_equipo': 'EQ-001', 'id_tecnico': 'TEC-002', 'tipo_mantenimiento': 'Correctivo', 'fecha_programada': datetime.date(2026, 6, 11), 'fecha_inicio': datetime.date(2026, 6, 11), 'fecha_cierre': None, 'descripcion_trabajo': 'Cambio de rodamientos', 'costo_estimado': Decimal('900.00'), 'costo_real': None, 'estado_orden': 'En ejecucion'}
2026-05-26 22:10:30  INFO      sigomei.server — Solicitud remota recibida: alta_equipo | Parámetros: 
2026-05-26 22:10:31  INFO      sigomei.server — Operación exitosa: alta_equipo | Respuesta: True
2026-05-26 22:10:31  INFO      sigomei.server — Solicitud remota recibida: alta_tecnico | Parámetros: 
2026-05-26 22:10:31  INFO      sigomei.server — Operación exitosa: alta_tecnico | Respuesta: True
2026-05-26 22:10:31  INFO      sigomei.server — Solicitud remota recibida: crear_orden | Parámetros: 
2026-05-26 22:10:31  INFO      sigomei.server — Operación exitosa: crear_orden | Respuesta: True
2026-05-26 22:10:31  INFO      sigomei.server — Solicitud remota recibida: asignar_tecnico | Parámetros: ('ORD-003', 'TEC-002')
2026-05-26 22:10:31  INFO      sigomei.server — Operación exitosa: asignar_tecnico | Respuesta: True
2026-05-26 22:10:31  INFO      sigomei.server — Solicitud remota recibida: iniciar_ejecucion | Parámetros: ('ORD-003', '2026-06-12')
2026-05-26 22:10:31  INFO      sigomei.server — Operación exitosa: iniciar_ejecucion | Respuesta: True
2026-05-26 22:10:31  INFO      sigomei.server — Solicitud remota recibida: finalizar_orden | Parámetros: ('ORD-003', '2026-06-13', 1750.0)
2026-05-26 22:10:32  INFO      sigomei.server — Operación exitosa: finalizar_orden | Respuesta: True
2026-05-26 22:10:32  INFO      sigomei.server — Solicitud remota recibida: consultar_orden | Parámetros: ('ORD-003',)
2026-05-26 22:10:32  INFO      sigomei.server — Operación exitosa: consultar_orden | Respuesta: {'id_orden': 'ORD-003', 'id_equipo': 'EQ-001', 'id_tecnico': 'TEC-002', 'tipo_mantenimiento': 'Preventivo', 'fecha_programada': datetime.date(2026, 6, 12), 'fecha_inicio': datetime.date(2026, 6, 12), 'fecha_cierre': datetime.date(2026, 6, 13), 'descripcion_trabajo': 'Revisión de válvulas', 'costo_estimado': Decimal('1500.00'), 'costo_real': Decimal('1750.00'), 'estado_orden': 'Finalizada'}
2026-05-26 22:10:32  INFO      sigomei.server — Solicitud remota recibida: alta_equipo | Parámetros: 
2026-05-26 22:10:32  INFO      sigomei.server — Operación exitosa: alta_equipo | Respuesta: True
2026-05-26 22:10:32  INFO      sigomei.server — Solicitud remota recibida: alta_tecnico | Parámetros: 
2026-05-26 22:10:32  INFO      sigomei.server — Operación exitosa: alta_tecnico | Respuesta: True
2026-05-26 22:10:32  INFO      sigomei.server — Solicitud remota recibida: crear_orden | Parámetros: 
2026-05-26 22:10:32  INFO      sigomei.server — Operación exitosa: crear_orden | Respuesta: True
2026-05-26 22:10:32  INFO      sigomei.server — Solicitud remota recibida: asignar_tecnico | Parámetros: ('ORD-004', 'TEC-002')
2026-05-26 22:10:33  INFO      sigomei.server — Operación exitosa: asignar_tecnico | Respuesta: True
2026-05-26 22:10:33  INFO      sigomei.server — Solicitud remota recibida: iniciar_ejecucion | Parámetros: ('ORD-004', '2026-06-13')
2026-05-26 22:10:33  INFO      sigomei.server — Operación exitosa: iniciar_ejecucion | Respuesta: True
2026-05-26 22:10:33  INFO      sigomei.server — Solicitud remota recibida: finalizar_orden | Parámetros: ('ORD-004', '2026-06-14', None)
2026-05-26 22:10:33  WARNING   sigomei.server — Validación de Regla denegada en finalizar_orden: ReglaNegocioError — RN-06: El costo real es obligatorio al finalizar.
2026-05-26 22:10:33  INFO      sigomei.server — Solicitud remota recibida: alta_equipo | Parámetros: 
2026-05-26 22:10:33  INFO      sigomei.server — Operación exitosa: alta_equipo | Respuesta: True
2026-05-26 22:10:33  INFO      sigomei.server — Solicitud remota recibida: crear_orden | Parámetros: 
2026-05-26 22:10:34  INFO      sigomei.server — Operación exitosa: crear_orden | Respuesta: True
2026-05-26 22:10:34  INFO      sigomei.server — Solicitud remota recibida: cancelar_orden | Parámetros: ('ORD-005',)
2026-05-26 22:10:34  INFO      sigomei.server — Operación exitosa: cancelar_orden | Respuesta: True
2026-05-26 22:10:34  INFO      sigomei.server — Solicitud remota recibida: consultar_orden | Parámetros: ('ORD-005',)
2026-05-26 22:10:34  INFO      sigomei.server — Operación exitosa: consultar_orden | Respuesta: {'id_orden': 'ORD-005', 'id_equipo': 'EQ-001', 'id_tecnico': None, 'tipo_mantenimiento': 'Preventivo', 'fecha_programada': datetime.date(2026, 6, 15), 'fecha_inicio': None, 'fecha_cierre': None, 'descripcion_trabajo': 'Revisión preventiva', 'costo_estimado': Decimal('1000.00'), 'costo_real': None, 'estado_orden': 'Cancelada'}
2026-05-26 22:10:34  INFO      sigomei.server — Solicitud remota recibida: alta_equipo | Parámetros: 
2026-05-26 22:10:34  INFO      sigomei.server — Operación exitosa: alta_equipo | Respuesta: True
2026-05-26 22:10:34  INFO      sigomei.server — Solicitud remota recibida: alta_tecnico | Parámetros: 
2026-05-26 22:10:34  INFO      sigomei.server — Operación exitosa: alta_tecnico | Respuesta: True
2026-05-26 22:10:34  INFO      sigomei.server — Solicitud remota recibida: crear_orden | Parámetros: 
2026-05-26 22:10:35  INFO      sigomei.server — Operación exitosa: crear_orden | Respuesta: True
2026-05-26 22:10:35  INFO      sigomei.server — Solicitud remota recibida: asignar_tecnico | Parámetros: ('ORD-ACT', 'TEC-003')
2026-05-26 22:10:35  INFO      sigomei.server — Operación exitosa: asignar_tecnico | Respuesta: True
2026-05-26 22:10:35  INFO      sigomei.server — Solicitud remota recibida: iniciar_ejecucion | Parámetros: ('ORD-ACT', '2026-06-10')
2026-05-26 22:10:35  INFO      sigomei.server — Operación exitosa: iniciar_ejecucion | Respuesta: True
2026-05-26 22:10:35  INFO      sigomei.server — Solicitud remota recibida: alta_equipo | Parámetros: 
2026-05-26 22:10:35  INFO      sigomei.server — Operación exitosa: alta_equipo | Respuesta: True
2026-05-26 22:10:35  INFO      sigomei.server — Solicitud remota recibida: crear_orden | Parámetros: 
2026-05-26 22:10:36  INFO      sigomei.server — Operación exitosa: crear_orden | Respuesta: True
2026-05-26 22:10:36  INFO      sigomei.server — Solicitud remota recibida: asignar_tecnico | Parámetros: ('ORD-NEW', 'TEC-003')
2026-05-26 22:10:36  WARNING   sigomei.server — Validación de Regla denegada en asignar_tecnico: ReglaNegocioError — No es posible asignar un técnico con una orden En ejecucion
2026-05-26 22:10:36  INFO      sigomei.server — Solicitud remota recibida: alta_equipo | Parámetros: 
2026-05-26 22:10:36  INFO      sigomei.server — Operación exitosa: alta_equipo | Respuesta: True
2026-05-26 22:10:36  INFO      sigomei.server — Solicitud remota recibida: alta_equipo | Parámetros: 
2026-05-26 22:10:37  INFO      sigomei.server — Operación exitosa: alta_equipo | Respuesta: True
2026-05-26 22:10:37  INFO      sigomei.server — Solicitud remota recibida: alta_tecnico | Parámetros: 
2026-05-26 22:10:37  INFO      sigomei.server — Operación exitosa: alta_tecnico | Respuesta: True
2026-05-26 22:10:37  INFO      sigomei.server — Solicitud remota recibida: alta_tecnico | Parámetros: 
2026-05-26 22:10:37  INFO      sigomei.server — Operación exitosa: alta_tecnico | Respuesta: True
2026-05-26 22:10:37  INFO      sigomei.server — Solicitud remota recibida: crear_orden | Parámetros: 
2026-05-26 22:10:37  INFO      sigomei.server — Operación exitosa: crear_orden | Respuesta: True
2026-05-26 22:10:37  INFO      sigomei.server — Solicitud remota recibida: asignar_tecnico | Parámetros: ('ORD-H01', 'TEC-002')
2026-05-26 22:10:38  INFO      sigomei.server — Operación exitosa: asignar_tecnico | Respuesta: True
2026-05-26 22:10:38  INFO      sigomei.server — Solicitud remota recibida: iniciar_ejecucion | Parámetros: ('ORD-H01', '2026-01-01')
2026-05-26 22:10:38  INFO      sigomei.server — Operación exitosa: iniciar_ejecucion | Respuesta: True
2026-05-26 22:10:38  INFO      sigomei.server — Solicitud remota recibida: finalizar_orden | Parámetros: ('ORD-H01', '2026-01-02', 550.0)
2026-05-26 22:10:38  INFO      sigomei.server — Operación exitosa: finalizar_orden | Respuesta: True
2026-05-26 22:10:38  INFO      sigomei.server — Solicitud remota recibida: crear_orden | Parámetros: 
2026-05-26 22:10:38  INFO      sigomei.server — Operación exitosa: crear_orden | Respuesta: True
2026-05-26 22:10:38  INFO      sigomei.server — Solicitud remota recibida: asignar_tecnico | Parámetros: ('ORD-H02', 'TEC-002')
2026-05-26 22:10:39  INFO      sigomei.server — Operación exitosa: asignar_tecnico | Respuesta: True
2026-05-26 22:10:39  INFO      sigomei.server — Solicitud remota recibida: iniciar_ejecucion | Parámetros: ('ORD-H02', '2026-01-02')
2026-05-26 22:10:39  INFO      sigomei.server — Operación exitosa: iniciar_ejecucion | Respuesta: True
2026-05-26 22:10:39  INFO      sigomei.server — Solicitud remota recibida: finalizar_orden | Parámetros: ('ORD-H02', '2026-01-03', 550.0)
2026-05-26 22:10:39  INFO      sigomei.server — Operación exitosa: finalizar_orden | Respuesta: True
2026-05-26 22:10:39  INFO      sigomei.server — Solicitud remota recibida: crear_orden | Parámetros: 
2026-05-26 22:10:40  INFO      sigomei.server — Operación exitosa: crear_orden | Respuesta: True
2026-05-26 22:10:40  INFO      sigomei.server — Solicitud remota recibida: asignar_tecnico | Parámetros: ('ORD-H03', 'TEC-003')
2026-05-26 22:10:40  INFO      sigomei.server — Operación exitosa: asignar_tecnico | Respuesta: True
2026-05-26 22:10:40  INFO      sigomei.server — Solicitud remota recibida: iniciar_ejecucion | Parámetros: ('ORD-H03', '2026-01-03')
2026-05-26 22:10:40  INFO      sigomei.server — Operación exitosa: iniciar_ejecucion | Respuesta: True
2026-05-26 22:10:40  INFO      sigomei.server — Solicitud remota recibida: finalizar_orden | Parámetros: ('ORD-H03', '2026-01-04', 550.0)
2026-05-26 22:10:40  INFO      sigomei.server — Operación exitosa: finalizar_orden | Respuesta: True
2026-05-26 22:10:40  INFO      sigomei.server — Solicitud remota recibida: listar_ordenes_por_filtro | Parámetros: ({'estado_orden': 'Finalizada', 'id_equipo': 'EQ-001'},)
2026-05-26 22:10:40  INFO      sigomei.server — Operación exitosa: listar_ordenes_por_filtro | Respuesta: [{'id_orden': 'ORD-H01', 'id_equipo': 'EQ-001', 'id_tecnico': 'TEC-002', 'tipo_mantenimiento': 'Preventivo', 'fecha_programada': datetime.date(2026, 1, 1), 'fecha_inicio': datetime.date(2026, 1, 1), 'fecha_cierre': datetime.date(2026, 1, 2), 'descripcion_trabajo': 'Histórico', 'costo_estimado': Decimal('500.00'), 'costo_real': Decimal('550.00'), 'estado_orden': 'Finalizada'}, {'id_orden': 'ORD-H02', 'id_equipo': 'EQ-001', 'id_tecnico': 'TEC-002', 'tipo_mantenimiento': 'Preventivo', 'fecha_programada': datetime.date(2026, 1, 2), 'fecha_inicio': datetime.date(2026, 1, 2), 'fecha_cierre': datetime.date(2026, 1, 3), 'descripcion_trabajo': 'Histórico', 'costo_estimado': Decimal('500.00'), 'costo_real': Decimal('550.00'), 'estado_orden': 'Finalizada'}]
2026-05-26 22:10:40  INFO      sigomei.server — Solicitud remota recibida: alta_equipo | Parámetros: 
2026-05-26 22:10:41  INFO      sigomei.server — Operación exitosa: alta_equipo | Respuesta: True
2026-05-26 22:10:41  INFO      sigomei.server — Solicitud remota recibida: crear_orden | Parámetros: 
2026-05-26 22:10:41  WARNING   sigomei.server — Validación de Regla denegada en crear_orden: ReglaNegocioError — 
2026-05-26 22:10:41  INFO      sigomei.server — Solicitud remota recibida: alta_equipo | Parámetros: 
2026-05-26 22:10:41  INFO      sigomei.server — Operación exitosa: alta_equipo | Respuesta: True
2026-05-26 22:10:41  INFO      sigomei.server — Solicitud remota recibida: alta_tecnico | Parámetros: 
2026-05-26 22:10:41  INFO      sigomei.server — Operación exitosa: alta_tecnico | Respuesta: True
2026-05-26 22:10:41  INFO      sigomei.server — Solicitud remota recibida: crear_orden | Parámetros: 
2026-05-26 22:10:42  INFO      sigomei.server — Operación exitosa: crear_orden | Respuesta: True
2026-05-26 22:10:42  INFO      sigomei.server — Solicitud remota recibida: asignar_tecnico | Parámetros: ('ORD-006', 'TEC-002')
2026-05-26 22:10:42  INFO      sigomei.server — Operación exitosa: asignar_tecnico | Respuesta: True
2026-05-26 22:10:42  INFO      sigomei.server — Solicitud remota recibida: iniciar_ejecucion | Parámetros: ('ORD-006', '2026-05-10')
2026-05-26 22:10:42  INFO      sigomei.server — Operación exitosa: iniciar_ejecucion | Respuesta: True
2026-05-26 22:10:42  INFO      sigomei.server — Solicitud remota recibida: finalizar_orden | Parámetros: ('ORD-006', '2026-05-09', 800.0)
2026-05-26 22:10:42  WARNING   sigomei.server — Validación de Regla denegada en finalizar_orden: ReglaNegocioError — RN-05: La fecha de cierre (2026-05-09) no puede ser anterior a la fecha de inicio (2026-05-10).
2026-05-26 22:10:42  INFO      sigomei.server — Solicitud remota recibida: alta_equipo | Parámetros: 
2026-05-26 22:10:43  INFO      sigomei.server — Operación exitosa: alta_equipo | Respuesta: True
2026-05-26 22:10:43  INFO      sigomei.server — Solicitud remota recibida: alta_tecnico | Parámetros: 
2026-05-26 22:10:43  INFO      sigomei.server — Operación exitosa: alta_tecnico | Respuesta: True
2026-05-26 22:10:43  INFO      sigomei.server — Solicitud remota recibida: alta_tecnico | Parámetros: 
2026-05-26 22:10:43  INFO      sigomei.server — Operación exitosa: alta_tecnico | Respuesta: True
2026-05-26 22:10:43  INFO      sigomei.server — Solicitud remota recibida: crear_orden | Parámetros: 
2026-05-26 22:10:43  INFO      sigomei.server — Operación exitosa: crear_orden | Respuesta: True
2026-05-26 22:10:43  INFO      sigomei.server — Solicitud remota recibida: asignar_tecnico | Parámetros: ('ORD-007', 'TEC-002')
2026-05-26 22:10:44  INFO      sigomei.server — Operación exitosa: asignar_tecnico | Respuesta: True
2026-05-26 22:10:44  INFO      sigomei.server — Solicitud remota recibida: asignar_tecnico | Parámetros: ('ORD-007', 'TEC-PED')
2026-05-26 22:10:44  INFO      sigomei.server — Operación exitosa: asignar_tecnico | Respuesta: True
2026-05-26 22:10:44  INFO      sigomei.server — Solicitud remota recibida: consultar_orden | Parámetros: ('ORD-007',)
2026-05-26 22:10:44  INFO      sigomei.server — Operación exitosa: consultar_orden | Respuesta: {'id_orden': 'ORD-007', 'id_equipo': 'EQ-001', 'id_tecnico': 'TEC-PED', 'tipo_mantenimiento': 'Preventivo', 'fecha_programada': datetime.date(2026, 6, 25), 'fecha_inicio': None, 'fecha_cierre': None, 'descripcion_trabajo': 'Mantenimiento mensual', 'costo_estimado': Decimal('1300.00'), 'costo_real': None, 'estado_orden': 'Programada'}
2026-05-26 22:10:45  INFO      sigomei.server — Solicitud remota recibida: alta_equipo | Parámetros: 
2026-05-26 22:10:45  INFO      sigomei.server — Operación exitosa: alta_equipo | Respuesta: True
2026-05-26 22:10:45  INFO      sigomei.server — Solicitud remota recibida: alta_equipo | Parámetros: 
2026-05-26 22:10:45  WARNING   sigomei.server — Rechazado en alta_equipo: EntidadDuplicadaError — Ya existe un equipo con número de serie 'NS-001'
2026-05-26 22:10:45  INFO      sigomei.server — Solicitud remota recibida: alta_tecnico | Parámetros: 
2026-05-26 22:10:45  INFO      sigomei.server — Operación exitosa: alta_tecnico | Respuesta: True
2026-05-26 22:10:45  INFO      sigomei.server — Solicitud remota recibida: consultar_tecnico | Parámetros: ('TEC-001',)
2026-05-26 22:10:46  INFO      sigomei.server — Operación exitosa: consultar_tecnico | Respuesta: {'id_tecnico': 'TEC-001', 'nombre_completo': 'Luis Omar Mendoza', 'rfc': 'LOMA900101ABC', 'telefono': '9211234567', 'correo': 'luis@sigomei.mx', 'especialidad': 'Electrico', 'nivel_certificacion': 'II', 'fecha_ingreso': datetime.date(2026, 1, 1), 'estatus': 'Activo'}
2026-05-26 22:10:46  INFO      sigomei.server — Solicitud remota recibida: alta_tecnico | Parámetros: 
2026-05-26 22:10:46  INFO      sigomei.server — Operación exitosa: alta_tecnico | Respuesta: True
2026-05-26 22:10:46  INFO      sigomei.server — Solicitud remota recibida: baja_tecnico | Parámetros: ('TEC-002',)
2026-05-26 22:10:46  INFO      sigomei.server — Operación exitosa: baja_tecnico | Respuesta: True
2026-05-26 22:10:46  INFO      sigomei.server — Solicitud remota recibida: consultar_tecnico | Parámetros: ('TEC-002',)
2026-05-26 22:10:47  INFO      sigomei.server — Operación exitosa: consultar_tecnico | Respuesta: {'id_tecnico': 'TEC-002', 'nombre_completo': 'José Ramírez', 'rfc': 'RAJM800101XYZ', 'telefono': '9219876543', 'correo': 'jose@sigomei.mx', 'especialidad': 'Mecanico', 'nivel_certificacion': 'I', 'fecha_ingreso': datetime.date(2024, 1, 1), 'estatus': 'Inactivo'}
2026-05-26 22:10:47  INFO      sigomei.server — Solicitud remota recibida: alta_equipo | Parámetros: 
2026-05-26 22:10:47  INFO      sigomei.server — Operación exitosa: alta_equipo | Respuesta: True
2026-05-26 22:10:47  INFO      sigomei.server — Solicitud remota recibida: alta_tecnico | Parámetros: 
2026-05-26 22:10:48  INFO      sigomei.server — Operación exitosa: alta_tecnico | Respuesta: True
2026-05-26 22:10:48  INFO      sigomei.server — Solicitud remota recibida: crear_orden | Parámetros: 
2026-05-26 22:10:48  INFO      sigomei.server — Operación exitosa: crear_orden | Respuesta: True
2026-05-26 22:10:48  INFO      sigomei.server — Solicitud remota recibida: asignar_tecnico | Parámetros: ('ORD-H01', 'TEC-003')
2026-05-26 22:10:49  INFO      sigomei.server — Operación exitosa: asignar_tecnico | Respuesta: True
2026-05-26 22:10:49  INFO      sigomei.server — Solicitud remota recibida: iniciar_ejecucion | Parámetros: ('ORD-H01', '2026-01-10')
2026-05-26 22:10:49  INFO      sigomei.server — Operación exitosa: iniciar_ejecucion | Respuesta: True
2026-05-26 22:10:49  INFO      sigomei.server — Solicitud remota recibida: finalizar_orden | Parámetros: ('ORD-H01', '2026-01-11', 550.0)
2026-05-26 22:10:49  INFO      sigomei.server — Operación exitosa: finalizar_orden | Respuesta: True
2026-05-26 22:10:49  INFO      sigomei.server — Solicitud remota recibida: baja_tecnico | Parámetros: ('TEC-003',)
2026-05-26 22:10:50  INFO      sigomei.server — Operación exitosa: baja_tecnico | Respuesta: True
2026-05-26 22:10:50  INFO      sigomei.server — Solicitud remota recibida: consultar_tecnico | Parámetros: ('TEC-003',)
2026-05-26 22:10:50  INFO      sigomei.server — Operación exitosa: consultar_tecnico | Respuesta: {'id_tecnico': 'TEC-003', 'nombre_completo': 'Carlos López', 'rfc': 'LOCC850101CCC', 'telefono': '9210002222', 'correo': 'carlos@sigomei.mx', 'especialidad': 'Mecanico', 'nivel_certificacion': 'II', 'fecha_ingreso': datetime.date(2023, 1, 1), 'estatus': 'Inactivo'}
2026-05-26 22:10:50  INFO      sigomei.server — Solicitud remota recibida: alta_equipo | Parámetros: 
2026-05-26 22:10:50  INFO      sigomei.server — Operación exitosa: alta_equipo | Respuesta: True
2026-05-26 22:10:50  INFO      sigomei.server — Solicitud remota recibida: alta_tecnico | Parámetros: 
2026-05-26 22:10:50  INFO      sigomei.server — Operación exitosa: alta_tecnico | Respuesta: True
2026-05-26 22:10:50  INFO      sigomei.server — Solicitud remota recibida: baja_tecnico | Parámetros: ('TEC-004',)
2026-05-26 22:10:50  INFO      sigomei.server — Operación exitosa: baja_tecnico | Respuesta: True
2026-05-26 22:10:50  INFO      sigomei.server — Solicitud remota recibida: crear_orden | Parámetros: 
2026-05-26 22:10:51  INFO      sigomei.server — Operación exitosa: crear_orden | Respuesta: True
2026-05-26 22:10:51  INFO      sigomei.server — Solicitud remota recibida: asignar_tecnico | Parámetros: ('ORD-002', 'TEC-004')
2026-05-26 22:10:51  WARNING   sigomei.server — Validación de Regla denegada en asignar_tecnico: ReglaNegocioError — RN-03: El técnico 'TEC-004' está Inactivo y no puede ser asignado a una orden.
