2026-05-26 08:30:34  INFO      sigomei.server — Iniciando servidor SIGOMEI…
2026-05-26 08:30:34  INFO      sigomei.server — Archivo de bitácora: D:\sigomei\logs\sigomei_20260526_083034.log
2026-05-26 08:30:34  INFO      sigomei.server — Controlador registrado → PYRO:sigomei.controller@localhost:9090
2026-05-26 08:30:34  INFO      sigomei.server — Esperando peticiones en localhost:9090 …
2026-05-26 08:30:35  INFO      sigomei.server — Solicitud remota recibida: alta_tecnico | Parámetros: 
2026-05-26 08:30:36  INFO      sigomei.server — Operación exitosa: alta_tecnico | Respuesta: True
2026-05-26 08:30:36  INFO      sigomei.server — Solicitud remota recibida: consultar_tecnico | Parámetros: ('TEC-001',)
2026-05-26 08:30:36  INFO      sigomei.server — Operación exitosa: consultar_tecnico | Respuesta: {'id_tecnico': 'TEC-001', 'nombre_completo': 'Luis Omar Mendoza', 'rfc': 'LOMA900101ABC', 'telefono': '9211234567', 'correo': 'luis@sigomei.mx', 'especialidad': 'Electrico', 'nivel_certificacion': 'II', 'fecha_ingreso': datetime.date(2026, 1, 1), 'estatus': 'Activo'}
2026-05-26 08:30:36  INFO      sigomei.server — Solicitud remota recibida: alta_tecnico | Parámetros: 
2026-05-26 08:30:36  INFO      sigomei.server — Operación exitosa: alta_tecnico | Respuesta: True
2026-05-26 08:30:36  INFO      sigomei.server — Solicitud remota recibida: baja_tecnico | Parámetros: ('TEC-002',)
2026-05-26 08:30:37  INFO      sigomei.server — Operación exitosa: baja_tecnico | Respuesta: True
2026-05-26 08:30:37  INFO      sigomei.server — Solicitud remota recibida: consultar_tecnico | Parámetros: ('TEC-002',)
2026-05-26 08:30:37  INFO      sigomei.server — Operación exitosa: consultar_tecnico | Respuesta: {'id_tecnico': 'TEC-002', 'nombre_completo': 'Jose Ramírez', 'rfc': 'RAJM800101XYZ', 'telefono': '9219876543', 'correo': 'jose@sigomei.mx', 'especialidad': 'Mecanico', 'nivel_certificacion': 'I', 'fecha_ingreso': datetime.date(2024, 1, 1), 'estatus': 'Inactivo'}
2026-05-26 08:30:37  INFO      sigomei.server — Solicitud remota recibida: alta_equipo | Parámetros: 
2026-05-26 08:30:37  INFO      sigomei.server — Operación exitosa: alta_equipo | Respuesta: True
2026-05-26 08:30:37  INFO      sigomei.server — Solicitud remota recibida: alta_tecnico | Parámetros: 
2026-05-26 08:30:37  INFO      sigomei.server — Operación exitosa: alta_tecnico | Respuesta: True
2026-05-26 08:30:37  INFO      sigomei.server — Solicitud remota recibida: crear_orden | Parámetros: 
2026-05-26 08:30:38  INFO      sigomei.server — Operación exitosa: crear_orden | Respuesta: True
2026-05-26 08:30:38  INFO      sigomei.server — Solicitud remota recibida: asignar_tecnico | Parámetros: ('ORD-H01', 'TEC-003')
2026-05-26 08:30:38  INFO      sigomei.server — Operación exitosa: asignar_tecnico | Respuesta: True
2026-05-26 08:30:38  INFO      sigomei.server — Solicitud remota recibida: iniciar_ejecucion | Parámetros: ('ORD-H01', '2026-01-10')
2026-05-26 08:30:38  ERROR     sigomei.server — Error crítico interno en iniciar_ejecucion: CheckViolation — el nuevo registro para la relación «ordenes_mantenimiento» viola la restricción «check» «ordenes_mantenimiento_estado_orden_check»
DETAIL:  La fila que falla contiene (ORD-H01, EQ-001, TEC-003, Preventivo, 2026-01-10, null, null, Revisión histórica, 500.00, null, En ejecucion).
Traceback (most recent call last):
  File "D:\sigomei\server\controller\isigomei_controller.py", line 25, in wrapper
    resultado = fn(*args, **kwargs)
  File "D:\sigomei\server\controller\isigomei_controller.py", line 145, in iniciar_ejecucion
    return self._orden_svc.iniciar_ejecucion(id_orden, fecha_inicio)
           ~~~~~~~~~~~~~~~~~~~~~~~~~~~~~~~~~^^^^^^^^^^^^^^^^^^^^^^^^
  File "D:\sigomei\server\service\orden_service.py", line 152, in iniciar_ejecucion
    self._dao.actualizar_estado(id_orden, "En ejecucion")
    ~~~~~~~~~~~~~~~~~~~~~~~~~~~^^^^^^^^^^^^^^^^^^^^^^^^^^
  File "D:\sigomei\server\dao\orden_dao.py", line 43, in actualizar_estado
    cur.execute(sql, (nuevo_estado, id_orden))
    ~~~~~~~~~~~^^^^^^^^^^^^^^^^^^^^^^^^^^^^^^^
  File "D:\sigomei\venv\Lib\site-packages\psycopg2\extras.py", line 236, in execute
    return super().execute(query, vars)
           ~~~~~~~~~~~~~~~^^^^^^^^^^^^^
psycopg2.errors.CheckViolation: el nuevo registro para la relación «ordenes_mantenimiento» viola la restricción «check» «ordenes_mantenimiento_estado_orden_check»
DETAIL:  La fila que falla contiene (ORD-H01, EQ-001, TEC-003, Preventivo, 2026-01-10, null, null, Revisión histórica, 500.00, null, En ejecucion).

