2026-05-23 12:07:59  INFO      sigomei.server — Iniciando servidor SIGOMEI…
2026-05-23 12:07:59  INFO      sigomei.server — Archivo de bitácora: C:\Proyectos\sigomei\logs\sigomei_20260523_120759.log
2026-05-23 12:07:59  INFO      sigomei.server — Controlador registrado → PYRO:sigomei.controller@localhost:9090
2026-05-23 12:07:59  INFO      sigomei.server — Esperando peticiones en localhost:9090 …
2026-05-23 12:08:35  INFO      sigomei.server — Solicitud remota recibida: alta_equipo | Parámetros: ('EQ-100', 'Motor Eléctrico Demo', 'Eléctrico', 'Siemens', '1LE1', 'SN-DEMO-100', 'Nave Demo', '2024-01-10', 'Operativo', 'Alta')
2026-05-23 12:08:35  INFO      sigomei.server — Operación exitosa: alta_equipo | Respuesta: True
2026-05-23 12:08:37  INFO      sigomei.server — Solicitud remota recibida: consultar_equipo | Parámetros: ('EQ-100',)
2026-05-23 12:08:37  INFO      sigomei.server — Operación exitosa: consultar_equipo | Respuesta: {'id_equipo': 'EQ-100', 'nombre': 'Motor Eléctrico Demo', 'tipo': 'Eléctrico', 'marca': 'Siemens', 'modelo': '1LE1', 'numero_serie': 'SN-DEMO-100', 'ubicacion_planta': 'Nave Demo', 'fecha_instalacion': datetime.date(2024, 1, 10), 'estado_operativo': 'Operativo', 'criticidad': 'Alta'}
2026-05-23 12:08:37  INFO      sigomei.server — Solicitud remota recibida: modificar_equipo | Parámetros: ('EQ-100', {'estado_operativo': 'En Mantenimiento'})
2026-05-23 12:08:37  INFO      sigomei.server — Operación exitosa: modificar_equipo | Respuesta: True
2026-05-23 12:08:37  INFO      sigomei.server — Solicitud remota recibida: consultar_equipo | Parámetros: ('EQ-100',)
2026-05-23 12:08:38  INFO      sigomei.server — Operación exitosa: consultar_equipo | Respuesta: {'id_equipo': 'EQ-100', 'nombre': 'Motor Eléctrico Demo', 'tipo': 'Eléctrico', 'marca': 'Siemens', 'modelo': '1LE1', 'numero_serie': 'SN-DEMO-100', 'ubicacion_planta': 'Nave Demo', 'fecha_instalacion': datetime.date(2024, 1, 10), 'estado_operativo': 'En Mantenimiento', 'criticidad': 'Alta'}
2026-05-23 12:08:38  INFO      sigomei.server — Solicitud remota recibida: alta_tecnico | Parámetros: ('TEC-100', 'Demo Técnico Uno', 'DEMO800101XYZ', '9990000001', 'demo1@sigomei.mx', 'Eléctrico', 'I', '2024-03-01', 'Activo')
2026-05-23 12:08:38  INFO      sigomei.server — Operación exitosa: alta_tecnico | Respuesta: True
2026-05-23 12:08:38  INFO      sigomei.server — Solicitud remota recibida: alta_tecnico | Parámetros: ('TEC-101', 'Demo Técnico Dos', 'DEMO900202XYZ', '9990000002', 'demo2@sigomei.mx', 'Eléctrico', 'II', '2023-06-15', 'Activo')
2026-05-23 12:08:39  INFO      sigomei.server — Operación exitosa: alta_tecnico | Respuesta: True
2026-05-23 12:08:39  INFO      sigomei.server — Solicitud remota recibida: consultar_tecnico | Parámetros: ('TEC-101',)
2026-05-23 12:08:39  INFO      sigomei.server — Operación exitosa: consultar_tecnico | Respuesta: {'id_tecnico': 'TEC-101', 'nombre_completo': 'Demo Técnico Dos', 'rfc': 'DEMO900202XYZ', 'telefono': '9990000002', 'correo': 'demo2@sigomei.mx', 'especialidad': 'Eléctrico', 'nivel_certificacion': 'II', 'fecha_ingreso': datetime.date(2023, 6, 15), 'estatus': 'Activo'}
2026-05-23 12:08:39  INFO      sigomei.server — Solicitud remota recibida: modificar_tecnico | Parámetros: ('TEC-101', {'correo': 'demo2_nuevo@sigomei.mx'})
2026-05-23 12:08:39  INFO      sigomei.server — Operación exitosa: modificar_tecnico | Respuesta: True
2026-05-23 12:08:40  INFO      sigomei.server — Solicitud remota recibida: crear_orden | Parámetros: ('OM-100', 'EQ-100', 'Preventivo', '2026-06-01', 'Revisión general del motor de demostración', 3500.0)
2026-05-23 12:08:40  INFO      sigomei.server — Operación exitosa: crear_orden | Respuesta: True
2026-05-23 12:08:40  INFO      sigomei.server — Solicitud remota recibida: consultar_orden | Parámetros: ('OM-100',)
2026-05-23 12:08:40  INFO      sigomei.server — Operación exitosa: consultar_orden | Respuesta: {'id_orden': 'OM-100', 'id_equipo': 'EQ-100', 'id_tecnico': None, 'tipo_mantenimiento': 'Preventivo', 'fecha_programada': datetime.date(2026, 6, 1), 'fecha_inicio': None, 'fecha_cierre': None, 'descripcion_trabajo': 'Revisión general del motor de demostración', 'costo_estimado': Decimal('3500.00'), 'costo_real': None, 'estado_orden': 'Programada'}
2026-05-23 12:08:41  INFO      sigomei.server — Solicitud remota recibida: asignar_tecnico | Parámetros: ('OM-100', 'TEC-001')
2026-05-23 12:08:41  WARNING   sigomei.server — Validación de Regla denegada en asignar_tecnico: ReglaNegocioError — RN-01: La especialidad del técnico ('Mecánico') no coincide con el tipo del equipo ('Eléctrico').
2026-05-23 12:08:41  INFO      sigomei.server — Solicitud remota recibida: asignar_tecnico | Parámetros: ('OM-100', 'TEC-100')
2026-05-23 12:08:41  WARNING   sigomei.server — Validación de Regla denegada en asignar_tecnico: ReglaNegocioError — RN-07: El equipo 'EQ-100' es de criticidad Alta. Se requiere nivel ≥ II; el técnico tiene nivel 'I'.
2026-05-23 12:08:42  INFO      sigomei.server — Solicitud remota recibida: asignar_tecnico | Parámetros: ('OM-100', 'TEC-101')
2026-05-23 12:08:42  INFO      sigomei.server — Operación exitosa: asignar_tecnico | Respuesta: True
2026-05-23 12:08:42  INFO      sigomei.server — Solicitud remota recibida: iniciar_ejecucion | Parámetros: ('OM-100', '2026-06-02')
2026-05-23 12:08:42  ERROR     sigomei.server — Error crítico interno en iniciar_ejecucion: CheckViolation — el nuevo registro para la relación «ordenes_mantenimiento» viola la restricción «check» «ordenes_mantenimiento_estado_orden_check»
DETAIL:  La fila que falla contiene (OM-100, EQ-100, TEC-101, Preventivo, 2026-06-01, null, null, Revisión general del motor de demostración, 3500.00, null, En ejecucion).
Traceback (most recent call last):
  File "C:\Proyectos\sigomei\server\controller\isigomei_controller.py", line 25, in wrapper
    resultado = fn(*args, **kwargs)
  File "C:\Proyectos\sigomei\server\controller\isigomei_controller.py", line 136, in iniciar_ejecucion
    return self._orden_svc.iniciar_ejecucion(id_orden, fecha_inicio)
           ~~~~~~~~~~~~~~~~~~~~~~~~~~~~~~~~~^^^^^^^^^^^^^^^^^^^^^^^^
  File "C:\Proyectos\sigomei\server\service\orden_service.py", line 132, in iniciar_ejecucion
    self._dao.actualizar_estado(id_orden, "En ejecucion")
    ~~~~~~~~~~~~~~~~~~~~~~~~~~~^^^^^^^^^^^^^^^^^^^^^^^^^^
  File "C:\Proyectos\sigomei\server\dao\orden_dao.py", line 43, in actualizar_estado
    cur.execute(sql, (nuevo_estado, id_orden))
    ~~~~~~~~~~~^^^^^^^^^^^^^^^^^^^^^^^^^^^^^^^
  File "C:\Proyectos\sigomei\.venv\Lib\site-packages\psycopg2\extras.py", line 236, in execute
    return super().execute(query, vars)
           ~~~~~~~~~~~~~~~^^^^^^^^^^^^^
psycopg2.errors.CheckViolation: el nuevo registro para la relación «ordenes_mantenimiento» viola la restricción «check» «ordenes_mantenimiento_estado_orden_check»
DETAIL:  La fila que falla contiene (OM-100, EQ-100, TEC-101, Preventivo, 2026-06-01, null, null, Revisión general del motor de demostración, 3500.00, null, En ejecucion).

2026-05-23 12:08:42  INFO      sigomei.server — Solicitud remota recibida: finalizar_orden | Parámetros: ('OM-100', '2026-06-05', 3200.0)
2026-05-23 12:08:42  WARNING   sigomei.server — Validación de Regla denegada en finalizar_orden: EstadoInvalidoError — RN-08: Transición inválida de 'Programada' → 'Finalizada'. Transiciones permitidas: ['En ejecucion', 'Cancelada'].
2026-05-23 12:08:55  INFO      sigomei.server — Solicitud remota recibida: baja_equipo | Parámetros: ('EQ-100',)
2026-05-23 12:08:55  WARNING   sigomei.server — Validación de Regla denegada en baja_equipo: IntegridadReferencialError — RN-04: El equipo 'EQ-100' tiene órdenes de mantenimiento vinculadas y no puede eliminarse.
2026-05-23 12:08:55  INFO      sigomei.server — Solicitud remota recibida: baja_tecnico | Parámetros: ('TEC-100',)
2026-05-23 12:08:56  INFO      sigomei.server — Operación exitosa: baja_tecnico | Respuesta: True
